Product: MDK-ARM Standard 5.10
Component: ARM Compiler 5.04 update 1 (build 49)
Tool: armlink [5040049]

==============================================================================

Section Cross References

    main.o(.text) refers to delay.o(.text) for delay_init
    main.o(.text) refers to stm32bq76925.o(.text) for BQ76925Init
    main.o(.text) refers to adc.o(.text) for Adc_dma_Init
    main.o(.text) refers to oled.o(.text) for OLED_Init
    main.o(.text) refers to voltage.o(.text) for OLED_SHOW_VOLTAGE
    system_stm32f4xx.o(.text) refers to system_stm32f4xx.o(.data) for SystemCoreClock
    stm32bq76925.o(.text) refers to hardiic.o(.text) for HardI2cInit
    stm32bq76925.o(.text) refers to delay.o(.text) for delay_ms
    stm32bq76925.o(.text) refers to voltage.o(.text) for CorrInit
    stm32bq76925.o(.text) refers to dflt_clz.o(x$fpl$dflt) for __aeabi_i2d
    stm32bq76925.o(.text) refers to dmul.o(x$fpl$dmul) for __aeabi_dmul
    stm32bq76925.o(.text) refers to daddsub_clz.o(x$fpl$dadd) for __aeabi_dadd
    stm32bq76925.o(.text) refers to dfixu.o(x$fpl$dfixu) for __aeabi_d2uiz
    stm32bq76925.o(.text) refers to stm32bq76925.o(.data) for Config_reg
    stm32bq76925.o(.text) refers to voltage.o(.data) for offset_corr
    adc.o(.text) refers to stm32f4xx_rcc.o(.text) for RCC_AHB1PeriphClockCmd
    adc.o(.text) refers to stm32f4xx_dma.o(.text) for DMA_Init
    adc.o(.text) refers to stm32f4xx_gpio.o(.text) for GPIO_Init
    adc.o(.text) refers to stm32f4xx_adc.o(.text) for ADC_CommonInit
    adc.o(.text) refers to delay.o(.text) for delay_ms
    adc.o(.text) refers to adc.o(.bss) for ADC_Data
    voltage.o(.text) refers to hardiic.o(.text) for I2C_read_onebyte
    voltage.o(.text) refers to adc.o(.text) for Get_Adc_Average
    voltage.o(.text) refers to llsdiv.o(.text) for __aeabi_ldivmod
    voltage.o(.text) refers to dfltll_clz.o(x$fpl$dfltll) for __aeabi_l2d
    voltage.o(.text) refers to ddiv.o(x$fpl$ddiv) for __aeabi_ddiv
    voltage.o(.text) refers to delay.o(.text) for delay_ms
    voltage.o(.text) refers to rt_memclr_w.o(.text) for __aeabi_memclr4
    voltage.o(.text) refers to daddsub_clz.o(x$fpl$dadd) for __aeabi_dadd
    voltage.o(.text) refers to oled.o(.text) for OLED_FloatNumber
    voltage.o(.text) refers to voltage.o(.data) for offset_corr
    voltage.o(.text) refers to main.o(.data) for adc_sensen
    voltage.o(.text) refers to stm32bq76925.o(.data) for vref_corr
    oled.o(.text) refers to stm32f4xx_rcc.o(.text) for RCC_AHB1PeriphClockCmd
    oled.o(.text) refers to stm32f4xx_gpio.o(.text) for GPIO_Init
    oled.o(.text) refers to myiic.o(.text) for IIC_Start
    oled.o(.text) refers to dleqf.o(x$fpl$dleqf) for __aeabi_cdcmple
    oled.o(.text) refers to basic.o(x$fpl$basic) for __aeabi_dneg
    oled.o(.text) refers to dfixu.o(x$fpl$dfixu) for __aeabi_d2uiz
    oled.o(.text) refers to dfix.o(x$fpl$dfix) for __aeabi_d2iz
    oled.o(.text) refers to dflt_clz.o(x$fpl$dfltu) for __aeabi_ui2d
    oled.o(.text) refers to daddsub_clz.o(x$fpl$drsb) for __aeabi_drsub
    oled.o(.text) refers to dmul.o(x$fpl$dmul) for __aeabi_dmul
    oled.o(.text) refers to oled.o(.constdata) for F6x8
    oled.o(.text) refers to oled.o(.data) for Hzk
    hardiic.o(.text) refers to stm32f4xx_rcc.o(.text) for RCC_APB1PeriphClockCmd
    hardiic.o(.text) refers to stm32f4xx_gpio.o(.text) for GPIO_PinAFConfig
    hardiic.o(.text) refers to stm32f4xx_i2c.o(.text) for I2C_DeInit
    hardiic.o(.text) refers to delay.o(.text) for delay_ms
    stm32f4xx_adc.o(.text) refers to stm32f4xx_rcc.o(.text) for RCC_APB2PeriphResetCmd
    myiic.o(.text) refers to stm32f4xx_rcc.o(.text) for RCC_AHB1PeriphClockCmd
    myiic.o(.text) refers to stm32f4xx_gpio.o(.text) for GPIO_Init
    myiic.o(.text) refers to delay.o(.text) for delay_us
    delay.o(.text) refers to misc.o(.text) for SysTick_CLKSourceConfig
    delay.o(.text) refers to delay.o(.data) for fac_us
    startup_stm32f40_41xxx.o(STACK) refers (Special) to heapauxi.o(.text) for __use_two_region_memory
    startup_stm32f40_41xxx.o(HEAP) refers (Special) to heapauxi.o(.text) for __use_two_region_memory
    startup_stm32f40_41xxx.o(RESET) refers (Special) to heapauxi.o(.text) for __use_two_region_memory
    startup_stm32f40_41xxx.o(RESET) refers to startup_stm32f40_41xxx.o(STACK) for __initial_sp
    startup_stm32f40_41xxx.o(RESET) refers to startup_stm32f40_41xxx.o(.text) for Reset_Handler
    startup_stm32f40_41xxx.o(RESET) refers to stm32f4xx_it.o(.text) for NMI_Handler
    startup_stm32f40_41xxx.o(.text) refers (Special) to heapauxi.o(.text) for __use_two_region_memory
    startup_stm32f40_41xxx.o(.text) refers to system_stm32f4xx.o(.text) for SystemInit
    startup_stm32f40_41xxx.o(.text) refers to __main.o(!!!main) for __main
    startup_stm32f40_41xxx.o(.text) refers to startup_stm32f40_41xxx.o(HEAP) for Heap_Mem
    startup_stm32f40_41xxx.o(.text) refers to startup_stm32f40_41xxx.o(STACK) for Stack_Mem
[...]
    libinit2.o(.ARM.Collect$$libinit$$00000014) refers to libinit2.o(.ARM.Collect$$libinit$$0000000D) for .ARM.Collect$$libinit$$0000000D
    libinit2.o(.ARM.Collect$$libinit$$00000016) refers to libinit2.o(.ARM.Collect$$libinit$$0000000D) for .ARM.Collect$$libinit$$0000000D
    libinit2.o(.ARM.Collect$$libinit$$00000024) refers to argv_veneer.o(.emb_text) for __ARM_argv_veneer
    libinit2.o(.ARM.Collect$$libinit$$00000025) refers to argv_veneer.o(.emb_text) for __ARM_argv_veneer
    rtexit2.o(.ARM.Collect$$rtexit$$00000003) refers to libshutdown.o(.ARM.Collect$$libshutdown$$00000000) for __rt_lib_shutdown
    rtexit2.o(.ARM.Collect$$rtexit$$00000004) refers to sys_exit.o(.text) for _sys_exit
    rtexit2.o(.ARM.exidx) refers to rtexit2.o(.ARM.Collect$$rtexit$$00000001) for .ARM.Collect$$rtexit$$00000001
    rtexit2.o(.ARM.exidx) refers to rtexit2.o(.ARM.Collect$$rtexit$$00000003) for .ARM.Collect$$rtexit$$00000003
    rtexit2.o(.ARM.exidx) refers to rtexit2.o(.ARM.Collect$$rtexit$$00000004) for .ARM.Collect$$rtexit$$00000004
    rt_raise.o(.text) refers to __raise.o(.text) for __raise
    rt_raise.o(.text) refers to sys_exit.o(.text) for _sys_exit
    defsig_exit.o(.text) refers to sys_exit.o(.text) for _sys_exit
    defsig_fpe_inner.o(.text) refers to defsig_general.o(.text) for __default_signal_display
    argv_veneer.o(.emb_text) refers to no_argv.o(.text) for __ARM_get_argv
    sys_exit.o(.text) refers (Special) to use_no_semi.o(.text) for __I$use$semihosting
    sys_exit.o(.text) refers (Special) to indicate_semi.o(.text) for __semihosting_library_function
    __raise.o(.text) refers to defsig.o(CL$$defsig) for __default_signal_handler
    defsig_general.o(.text) refers to sys_wrch.o(.text) for _ttywrch
    _get_argv_nomalloc.o(.text) refers (Special) to hrguard.o(.text) for __heap_region$guard
    _get_argv_nomalloc.o(.text) refers to defsig_rtmem_outer.o(.text) for __rt_SIGRTMEM
    _get_argv_nomalloc.o(.text) refers to sys_command.o(.text) for _sys_command_string
    libshutdown.o(.ARM.Collect$$libshutdown$$00000000) refers (Special) to libshutdown2.o(.ARM.Collect$$libshutdown$$00000006) for __rt_lib_shutdown_fp_trap_1
    libshutdown.o(.ARM.Collect$$libshutdown$$00000000) refers (Special) to libshutdown2.o(.ARM.Collect$$libshutdown$$0000000E) for __rt_lib_shutdown_heap_1
    libshutdown.o(.ARM.Collect$$libshutdown$$00000000) refers (Special) to libshutdown2.o(.ARM.Collect$$libshutdown$$0000000F) for __rt_lib_shutdown_return
    libshutdown.o(.ARM.Collect$$libshutdown$$00000000) refers (Special) to libshutdown2.o(.ARM.Collect$$libshutdown$$00000009) for __rt_lib_shutdown_signal_1
    libshutdown.o(.ARM.Collect$$libshutdown$$00000000) refers (Special) to libshutdown2.o(.ARM.Collect$$libshutdown$$00000003) for __rt_lib_shutdown_stdio_1
    libshutdown.o(.ARM.Collect$$libshutdown$$00000000) refers (Special) to libshutdown2.o(.ARM.Collect$$libshutdown$$0000000B) for __rt_lib_shutdown_user_alloc_1
    sys_wrch.o(.text) refers (Special) to use_no_semi.o(.text) for __I$use$semihosting
    sys_wrch.o(.text) refers (Special) to indicate_semi.o(.text) for __semihosting_library_function
    sys_command.o(.text) refers (Special) to use_no_semi.o(.text) for __I$use$semihosting
    sys_command.o(.text) refers (Special) to indicate_semi.o(.text) for __semihosting_library_function
    defsig_rtmem_outer.o(.text) refers to defsig_rtmem_inner.o(.text) for __rt_SIGRTMEM_inner
    defsig_rtmem_outer.o(.text) refers to defsig_exit.o(.text) for __sig_exit
    defsig_rtmem_formal.o(.text) refers to rt_raise.o(.text) for __rt_raise
    defsig.o(CL$$defsig) refers to defsig_fpe_inner.o(.text) for __rt_SIGFPE_inner
    defsig.o(CL$$defsig) refers to defsig_rtmem_inner.o(.text) for __rt_SIGRTMEM_inner
    defsig_abrt_inner.o(.text) refers to defsig_general.o(.text) for __default_signal_display
    defsig_rtred_inner.o(.text) refers to defsig_general.o(.text) for __default_signal_display
    defsig_rtmem_inner.o(.text) refers to defsig_general.o(.text) for __default_signal_display
    defsig_stak_inner.o(.text) refers to defsig_general.o(.text) for __default_signal_display
    defsig_pvfn_inner.o(.text) refers to defsig_general.o(.text) for __default_signal_display
    defsig_cppl_inner.o(.text) refers to defsig_general.o(.text) for __default_signal_display
    defsig_segv_inner.o(.text) refers to defsig_general.o(.text) for __default_signal_display
    defsig_other.o(.text) refers to defsig_general.o(.text) for __default_signal_display


==============================================================================

Removing Unused input sections from the image.

    Removing main.o(.rev16_text), (4 bytes).
    Removing main.o(.revsh_text), (4 bytes).
    Removing stm32f4xx_it.o(.rev16_text), (4 bytes).
    Removing stm32f4xx_it.o(.revsh_text), (4 bytes).
    Removing system_stm32f4xx.o(.rev16_text), (4 bytes).
    Removing system_stm32f4xx.o(.revsh_text), (4 bytes).
    Removing stm32bq76925.o(.rev16_text), (4 bytes).
    Removing stm32bq76925.o(.revsh_text), (4 bytes).
    Removing adc.o(.rev16_text), (4 bytes).
    Removing adc.o(.revsh_text), (4 bytes).
    Removing voltage.o(.rev16_text), (4 bytes).
    Removing voltage.o(.revsh_text), (4 bytes).
    Removing oled.o(.rev16_text), (4 bytes).
    Removing oled.o(.revsh_text), (4 bytes).
    Removing hardiic.o(.rev16_text), (4 bytes).
    Removing hardiic.o(.revsh_text), (4 bytes).
    Removing stm32f4xx_adc.o(.rev16_text), (4 bytes).
    Removing stm32f4xx_adc.o(.revsh_text), (4 bytes).
    Removing stm32f4xx_dma.o(.rev16_text), (4 bytes).
    Removing stm32f4xx_dma.o(.revsh_text), (4 bytes).
    Removing myiic.o(.rev16_text), (4 bytes).
    Removing myiic.o(.revsh_text), (4 bytes).
    Removing myiic.o(.data), (1 bytes).
    Removing delay.o(.rev16_text), (4 bytes).
    Removing delay.o(.revsh_text), (4 bytes).
    Removing sys.o(.rev16_text), (4 bytes).
    Removing sys.o(.revsh_text), (4 bytes).
    Removing sys.o(.emb_text), (16 bytes).
    Removing misc.o(.rev16_text), (4 bytes).
    Removing misc.o(.revsh_text), (4 bytes).
    Removing stm32f4xx_gpio.o(.rev16_text), (4 bytes).
    Removing stm32f4xx_gpio.o(.revsh_text), (4 bytes).
    Removing stm32f4xx_fsmc.o(.rev16_text), (4 bytes).
    Removing stm32f4xx_fsmc.o(.revsh_text), (4 bytes).
    Removing stm32f4xx_fsmc.o(.text), (1480 bytes).
    Removing stm32f4xx_fsmc.o(.constdata), (28 bytes).
    Removing stm32f4xx_rcc.o(.rev16_text), (4 bytes).
    Removing stm32f4xx_rcc.o(.revsh_text), (4 bytes).
    Removing stm32f4xx_syscfg.o(.rev16_text), (4 bytes).
    Removing stm32f4xx_syscfg.o(.revsh_text), (4 bytes).
    Removing stm32f4xx_syscfg.o(.text), (148 bytes).
    Removing stm32f4xx_usart.o(.rev16_text), (4 bytes).
    Removing stm32f4xx_usart.o(.revsh_text), (4 bytes).
    Removing stm32f4xx_usart.o(.text), (1108 bytes).
    Removing stm32f4xx_i2c.o(.rev16_text), (4 bytes).
    Removing stm32f4xx_i2c.o(.revsh_text), (4 bytes).

46 unused section(s) (total 2941 bytes) removed from the image.

==============================================================================

Image Symbol Table

    Local Symbols

    Symbol Name                              Value     Ov Type        Size  Object(Section)

    ../clib/angel/boardlib.s                 0x00000000   Number         0  boardinit1.o ABSOLUTE
    ../clib/angel/boardlib.s                 0x00000000   Number         0  boardinit2.o ABSOLUTE
    ../clib/angel/boardlib.s                 0x00000000   Number         0  boardinit3.o ABSOLUTE
    ../clib/angel/boardlib.s                 0x00000000   Number         0  boardshut.o ABSOLUTE
    ../clib/angel/dczerorl2.s                0x00000000   Number         0  __dczerorl2.o ABSOLUTE
    ../clib/angel/handlers.s                 0x00000000   Number         0  __scatter_zi.o ABSOLUTE
    ../clib/angel/kernel.s                   0x00000000   Number         0  rtentry2.o ABSOLUTE
    ../clib/angel/kernel.s                   0x00000000   Number         0  rtentry4.o ABSOLUTE
    ../clib/angel/kernel.s                   0x00000000   Number         0  rtexit.o ABSOLUTE
    ../clib/angel/kernel.s                   0x00000000   Number         0  rtentry.o ABSOLUTE
    ../clib/angel/kernel.s                   0x00000000   Number         0  rtexit2.o ABSOLUTE
    ../clib/angel/rt.s                       0x00000000   Number         0  aeabi_ldiv0.o ABSOLUTE
    ../clib/angel/rt.s                       0x00000000   Number         0  aeabi_ldiv0_sigfpe.o ABSOLUTE
    ../clib/angel/rt.s                       0x00000000   Number         0  rt_div0.o ABSOLUTE
    ../clib/angel/rt.s                       0x00000000   Number         0  rt_raise.o ABSOLUTE
    ../clib/angel/scatter.s                  0x00000000   Number         0  __scatter.o ABSOLUTE
    ../clib/angel/startup.s                  0x00000000   Number         0  __main.o ABSOLUTE
    ../clib/angel/sys.s                      0x00000000   Number         0  use_no_semi.o ABSOLUTE
    ../clib/angel/sys.s                      0x00000000   Number         0  sys_stackheap_outer.o ABSOLUTE
    ../clib/angel/sys.s                      0x00000000   Number         0  indicate_semi.o ABSOLUTE
    ../clib/angel/sys.s                      0x00000000   Number         0  libspace.o ABSOLUTE
    ../clib/angel/sysapp.c                   0x00000000   Number         0  sys_exit.o ABSOLUTE
    ../clib/angel/sysapp.c                   0x00000000   Number         0  sys_command.o ABSOLUTE
    ../clib/angel/sysapp.c                   0x00000000   Number         0  sys_wrch.o ABSOLUTE
    ../clib/armsys.c                         0x00000000   Number         0  no_argv.o ABSOLUTE
    ../clib/armsys.c                         0x00000000   Number         0  argv_veneer.o ABSOLUTE
    ../clib/armsys.c                         0x00000000   Number         0  _get_argv_nomalloc.o ABSOLUTE
    ../clib/armsys.c                         0x00000000   Number         0  argv_veneer.o ABSOLUTE
    ../clib/heapalloc.c                      0x00000000   Number         0  hrguard.o ABSOLUTE
    ../clib/heapaux.c                        0x00000000   Number         0  heapauxi.o ABSOLUTE
    ../clib/libinit.s                        0x00000000   Number         0  libshutdown2.o ABSOLUTE
    ../clib/libinit.s                        0x00000000   Number         0  libinit2.o ABSOLUTE
    ../clib/libinit.s                        0x00000000   Number         0  libshutdown.o ABSOLUTE
    ../clib/libinit.s                        0x00000000   Number         0  libinit.o ABSOLUTE
    ../clib/longlong.s                       0x00000000   Number         0  llsdiv.o ABSOLUTE
    ../clib/longlong.s                       0x00000000   Number         0  lludivv7m.o ABSOLUTE
    ../clib/memcpset.s                       0x00000000   Number         0  rt_memclr_w.o ABSOLUTE
    ../clib/signal.c                         0x00000000   Number         0  defsig_rtred_inner.o ABSOLUTE
    ../clib/signal.c                         0x00000000   Number         0  defsig_abrt_inner.o ABSOLUTE
    ../clib/signal.c                         0x00000000   Number         0  __raise.o ABSOLUTE
    ../clib/signal.c                         0x00000000   Number         0  defsig_general.o ABSOLUTE
    ../clib/signal.c                         0x00000000   Number         0  defsig_fpe_formal.o ABSOLUTE
    ../clib/signal.c                         0x00000000   Number         0  defsig_rtmem_formal.o ABSOLUTE
    ../clib/signal.c                         0x00000000   Number         0  defsig_rtmem_outer.o ABSOLUTE
    ../clib/signal.c                         0x00000000   Number         0  defsig_fpe_outer.o ABSOLUTE
    ../clib/signal.c                         0x00000000   Number         0  defsig_stak_inner.o ABSOLUTE
    ../clib/signal.c                         0x00000000   Number         0  defsig_other.o ABSOLUTE
    ../clib/signal.c                         0x00000000   Number         0  defsig_exit.o ABSOLUTE
    ../clib/signal.c                         0x00000000   Number         0  defsig_fpe_inner.o ABSOLUTE
    ../clib/signal.c                         0x00000000   Number         0  defsig_segv_inner.o ABSOLUTE
    ../clib/signal.c                         0x00000000   Number         0  defsig_cppl_inner.o ABSOLUTE
    ../clib/signal.c                         0x00000000   Number         0  defsig_pvfn_inner.o ABSOLUTE
    ../clib/signal.c                         0x00000000   Number         0  defsig_rtmem_inner.o ABSOLUTE
    ../clib/signal.s                         0x00000000   Number         0  defsig.o ABSOLUTE
    ../clib/stdlib.c                         0x00000000   Number         0  exit.o ABSOLUTE
    ../fplib/basic.s                         0x00000000   Number         0  basic.o ABSOLUTE
    ../fplib/daddsub.s                       0x00000000   Number         0  daddsub_clz.o ABSOLUTE
    ../fplib/dcmpi.s                         0x00000000   Number         0  dcmpi.o ABSOLUTE
    ../fplib/ddiv.s                          0x00000000   Number         0  ddiv.o ABSOLUTE
    ../fplib/dfix.s                          0x00000000   Number         0  dfix.o ABSOLUTE
    ../fplib/dfixu.s                         0x00000000   Number         0  dfixu.o ABSOLUTE
    ../fplib/dflt.s                          0x00000000   Number         0  dflt_clz.o ABSOLUTE
    ../fplib/dfltll.s                        0x00000000   Number         0  dfltll_clz.o ABSOLUTE
    ../fplib/dleqf.s                         0x00000000   Number         0  dleqf.o ABSOLUTE
    ../fplib/dmul.s                          0x00000000   Number         0  dmul.o ABSOLUTE
    ../fplib/dnaninf.s                       0x00000000   Number         0  dnaninf.o ABSOLUTE
    ../fplib/dretinf.s                       0x00000000   Number         0  dretinf.o ABSOLUTE
    ../fplib/fpinit.s                        0x00000000   Number         0  fpinit.o ABSOLUTE
    ../fplib/usenofp.s                       0x00000000   Number         0  usenofp.o ABSOLUTE
    ..\CORE\startup_stm32f40_41xxx.s         0x00000000   Number         0  startup_stm32f40_41xxx.o ABSOLUTE
    ..\FWLIB\src\misc.c                      0x00000000   Number         0  misc.o ABSOLUTE
    ..\FWLIB\src\stm32f4xx_adc.c             0x00000000   Number         0  stm32f4xx_adc.o ABSOLUTE
    ..\FWLIB\src\stm32f4xx_dma.c             0x00000000   Number         0  stm32f4xx_dma.o ABSOLUTE
    ..\FWLIB\src\stm32f4xx_fsmc.c            0x00000000   Number         0  stm32f4xx_fsmc.o ABSOLUTE
    ..\FWLIB\src\stm32f4xx_gpio.c            0x00000000   Number         0  stm32f4xx_gpio.o ABSOLUTE
    ..\FWLIB\src\stm32f4xx_i2c.c             0x00000000   Number         0  stm32f4xx_i2c.o ABSOLUTE
    ..\FWLIB\src\stm32f4xx_rcc.c             0x00000000   Number         0  stm32f4xx_rcc.o ABSOLUTE
    ..\FWLIB\src\stm32f4xx_syscfg.c          0x00000000   Number         0  stm32f4xx_syscfg.o ABSOLUTE
    ..\FWLIB\src\stm32f4xx_usart.c           0x00000000   Number         0  stm32f4xx_usart.o ABSOLUTE
    ..\HARDWARE\IIC\myiic.c                  0x00000000   Number         0  myiic.o ABSOLUTE
    ..\SYSTEM\delay\delay.c                  0x00000000   Number         0  delay.o ABSOLUTE
    ..\SYSTEM\sys\sys.c                      0x00000000   Number         0  sys.o ABSOLUTE
    ..\\FWLIB\\src\\misc.c                   0x00000000   Number         0  misc.o ABSOLUTE
    ..\\FWLIB\\src\\stm32f4xx_adc.c          0x00000000   Number         0  stm32f4xx_adc.o ABSOLUTE
    ..\\FWLIB\\src\\stm32f4xx_dma.c          0x00000000   Number         0  stm32f4xx_dma.o ABSOLUTE
    ..\\FWLIB\\src\\stm32f4xx_fsmc.c         0x00000000   Number         0  stm32f4xx_fsmc.o ABSOLUTE
    ..\\FWLIB\\src\\stm32f4xx_gpio.c         0x00000000   Number         0  stm32f4xx_gpio.o ABSOLUTE
    ..\\FWLIB\\src\\stm32f4xx_i2c.c          0x00000000   Number         0  stm32f4xx_i2c.o ABSOLUTE
    ..\\FWLIB\\src\\stm32f4xx_rcc.c          0x00000000   Number         0  stm32f4xx_rcc.o ABSOLUTE
    ..\\FWLIB\\src\\stm32f4xx_syscfg.c       0x00000000   Number         0  stm32f4xx_syscfg.o ABSOLUTE
    ..\\FWLIB\\src\\stm32f4xx_usart.c        0x00000000   Number         0  stm32f4xx_usart.o ABSOLUTE
    ..\\HARDWARE\\IIC\\myiic.c               0x00000000   Number         0  myiic.o ABSOLUTE
    ..\\SYSTEM\\delay\\delay.c               0x00000000   Number         0  delay.o ABSOLUTE
    ..\\SYSTEM\\sys\\sys.c                   0x00000000   Number         0  sys.o ABSOLUTE
    adc.c                                    0x00000000   Number         0  adc.o ABSOLUTE
    adc.c                                    0x00000000   Number         0  adc.o ABSOLUTE
    dc.s                                     0x00000000   Number         0  dc.o ABSOLUTE
    hardiic.c                                0x00000000   Number         0  hardiic.o ABSOLUTE
    hardiic.c                                0x00000000   Number         0  hardiic.o ABSOLUTE
    main.c                                   0x00000000   Number         0  main.o ABSOLUTE
    main.c                                   0x00000000   Number         0  main.o ABSOLUTE
    oled.c                                   0x00000000   Number         0  oled.o ABSOLUTE
    oled.c                                   0x00000000   Number         0  oled.o ABSOLUTE
    stm32BQ76925.c                           0x00000000   Number         0  stm32bq76925.o ABSOLUTE
    stm32BQ76925.c                           0x00000000   Number         0  stm32bq76925.o ABSOLUTE
    stm32f4xx_it.c                           0x00000000   Number         0  stm32f4xx_it.o ABSOLUTE
    stm32f4xx_it.c                           0x00000000   Number         0  stm32f4xx_it.o ABSOLUTE
    system_stm32f4xx.c                       0x00000000   Number         0  system_stm32f4xx.o ABSOLUTE
    system_stm32f4xx.c                       0x00000000   Number         0  system_stm32f4xx.o ABSOLUTE
    voltage.c                                0x00000000   Number         0  voltage.o ABSOLUTE
    voltage.c                                0x00000000   Number         0  voltage.o ABSOLUTE
    RESET                                    0x08000000   Section      392  startup_stm32f40_41xxx.o(RESET)
    !!!main                                  0x08000188   Section        8  __main.o(!!!main)
    !!!scatter                               0x08000190   Section       52  __scatter.o(!!!scatter)
    !!dczerorl2                              0x080001c4   Section       90  __dczerorl2.o(!!dczerorl2)
    !!handler_zi                             0x08000220   Section       28  __scatter_zi.o(!!handler_zi)
    .ARM.Collect$$libinit$$00000000          0x0800023c   Section        2  libinit.o(.ARM.Collect$$libinit$$00000000)
    .ARM.Collect$$libinit$$00000001          0x0800023e   Section        4  libinit2.o(.ARM.Collect$$libinit$$00000001)
    .ARM.Collect$$libinit$$00000008          0x08000242   Section        0  libinit2.o(.ARM.Collect$$libinit$$00000008)
    .ARM.Collect$$libinit$$0000000A          0x08000242   Section        0  libinit2.o(.ARM.Collect$$libinit$$0000000A)
    .ARM.Collect$$libinit$$0000000C          0x08000242   Section        0  libinit2.o(.ARM.Collect$$libinit$$0000000C)
    .ARM.Collect$$libinit$$0000000F          0x08000242   Section        0  libinit2.o(.ARM.Collect$$libinit$$0000000F)
    .ARM.Collect$$libinit$$00000011          0x08000242   Section        0  libinit2.o(.ARM.Collect$$libinit$$00000011)
    .ARM.Collect$$libinit$$00000013          0x08000242   Section        0  libinit2.o(.ARM.Collect$$libinit$$00000013)
    .ARM.Collect$$libinit$$00000015          0x08000242   Section        0  libinit2.o(.ARM.Collect$$libinit$$00000015)
    .ARM.Collect$$libinit$$00000017          0x08000242   Section        0  libinit2.o(.ARM.Collect$$libinit$$00000017)
    .ARM.Collect$$libinit$$00000019          0x08000242   Section        0  libinit2.o(.ARM.Collect$$libinit$$00000019)
    .ARM.Collect$$libinit$$0000001B          0x08000242   Section        0  libinit2.o(.ARM.Collect$$libinit$$0000001B)
    .ARM.Collect$$libinit$$0000001D          0x08000242   Section        0  libinit2.o(.ARM.Collect$$libinit$$0000001D)
    .ARM.Collect$$libinit$$0000001F          0x08000242   Section        0  libinit2.o(.ARM.Collect$$libinit$$0000001F)
    .ARM.Collect$$libinit$$00000021          0x08000242   Section        0  libinit2.o(.ARM.Collect$$libinit$$00000021)
    .ARM.Collect$$libinit$$00000023          0x08000242   Section        0  libinit2.o(.ARM.Collect$$libinit$$00000023)
    .ARM.Collect$$libinit$$0000002A          0x08000242   Section        0  libinit2.o(.ARM.Collect$$libinit$$0000002A)
    .ARM.Collect$$libinit$$0000002C          0x08000242   Section        0  libinit2.o(.ARM.Collect$$libinit$$0000002C)
    .ARM.Collect$$libinit$$0000002E          0x08000242   Section        0  libinit2.o(.ARM.Collect$$libinit$$0000002E)
    .ARM.Collect$$libinit$$00000030          0x08000242   Section        0  libinit2.o(.ARM.Collect$$libinit$$00000030)
    .ARM.Collect$$libinit$$00000031          0x08000242   Section        2  libinit2.o(.ARM.Collect$$libinit$$00000031)
    .ARM.Collect$$libshutdown$$00000000      0x08000244   Section        2  libshutdown.o(.ARM.Collect$$libshutdown$$00000000)
    .ARM.Collect$$libshutdown$$00000003      0x08000246   Section        0  libshutdown2.o(.ARM.Collect$$libshutdown$$00000003)
    .ARM.Collect$$libshutdown$$00000006      0x08000246   Section        0  libshutdown2.o(.ARM.Collect$$libshutdown$$00000006)
    .ARM.Collect$$libshutdown$$00000009      0x08000246   Section        0  libshutdown2.o(.ARM.Collect$$libshutdown$$00000009)
    .ARM.Collect$$libshutdown$$0000000B      0x08000246   Section        0  libshutdown2.o(.ARM.Collect$$libshutdown$$0000000B)
    .ARM.Collect$$libshutdown$$0000000E      0x08000246   Section        0  libshutdown2.o(.ARM.Collect$$libshutdown$$0000000E)
    .ARM.Collect$$libshutdown$$0000000F      0x08000246   Section        2  libshutdown2.o(.ARM.Collect$$libshutdown$$0000000F)
    .ARM.Collect$$rtentry$$00000000          0x08000248   Section        0  rtentry.o(.ARM.Collect$$rtentry$$00000000)
    .ARM.Collect$$rtentry$$00000002          0x08000248   Section        0  rtentry2.o(.ARM.Collect$$rtentry$$00000002)
    .ARM.Collect$$rtentry$$00000004          0x08000248   Section        6  rtentry4.o(.ARM.Collect$$rtentry$$00000004)
    .ARM.Collect$$rtentry$$00000009          0x0800024e   Section        0  rtentry2.o(.ARM.Collect$$rtentry$$00000009)
    .ARM.Collect$$rtentry$$0000000A          0x0800024e   Section        4  rtentry2.o(.ARM.Collect$$rtentry$$0000000A)
    .ARM.Collect$$rtentry$$0000000C          0x08000252   Section        0  rtentry2.o(.ARM.Collect$$rtentry$$0000000C)
    .ARM.Collect$$rtentry$$0000000D          0x08000252   Section        8  rtentry2.o(.ARM.Collect$$rtentry$$0000000D)
    .ARM.Collect$$rtexit$$00000000           0x0800025a   Section        2  rtexit.o(.ARM.Collect$$rtexit$$00000000)
    .ARM.Collect$$rtexit$$00000002           0x0800025c   Section        0  rtexit2.o(.ARM.Collect$$rtexit$$00000002)
    .ARM.Collect$$rtexit$$00000003           0x0800025c   Section        4  rtexit2.o(.ARM.Collect$$rtexit$$00000003)
    .ARM.Collect$$rtexit$$00000004           0x08000260   Section        6  rtexit2.o(.ARM.Collect$$rtexit$$00000004)
    .text                                    0x08000266   Section        0  main.o(.text)
    .text                                    0x08000280   Section        0  stm32f4xx_it.o(.text)
    .text                                    0x0800029c   Section        0  system_stm32f4xx.o(.text)
    SetSysClock                              0x0800029d   Thumb Code   220  system_stm32f4xx.o(.text)
    .text                                    0x080004ac   Section        0  stm32bq76925.o(.text)
    .text                                    0x0800055c   Section        0  adc.o(.text)
    .text                                    0x0800070c   Section        0  voltage.o(.text)
    .text                                    0x08000b64   Section        0  oled.o(.text)
    .text                                    0x0800110c   Section        0  hardiic.o(.text)
    .text                                    0x080012a4   Section        0  stm32f4xx_adc.o(.text)
    .text                                    0x08001708   Section        0  stm32f4xx_dma.o(.text)
    .text                                    0x08001ab0   Section        0  myiic.o(.text)
    .text                                    0x08001d18   Section        0  delay.o(.text)
    .text                                    0x08001e1c   Section       64  startup_stm32f40_41xxx.o(.text)
    $v0                                      0x08001e1c   Number         0  startup_stm32f40_41xxx.o(.text)
    .text                                    0x08001e5c   Section        0  misc.o(.text)
    .text                                    0x08001f3c   Section        0  stm32f4xx_gpio.o(.text)
    .text                                    0x080021d0   Section        0  stm32f4xx_rcc.o(.text)
    .text                                    0x0800282c   Section        0  stm32f4xx_i2c.o(.text)
    .text                                    0x08002c82   Section       72  llsdiv.o(.text)
    .text                                    0x08002cca   Section       78  rt_memclr_w.o(.text)
    .text                                    0x08002d18   Section        0  heapauxi.o(.text)
    .text                                    0x08002d1e   Section      238  lludivv7m.o(.text)
    .text                                    0x08002e0c   Section       74  sys_stackheap_outer.o(.text)
    .text                                    0x08002e56   Section        0  exit.o(.text)
    .text                                    0x08002e64   Section        8  libspace.o(.text)
    .text                                    0x08002e6c   Section        0  sys_exit.o(.text)
    .text                                    0x08002e78   Section        2  use_no_semi.o(.text)
    .text                                    0x08002e7a   Section        0  indicate_semi.o(.text)
    x$fpl$basic                              0x08002e7a   Section       24  basic.o(x$fpl$basic)
    $v0                                      0x08002e7a   Number         0  basic.o(x$fpl$basic)
    x$fpl$dadd                               0x08002e94   Section      336  daddsub_clz.o(x$fpl$dadd)
    $v0                                      0x08002e94   Number         0  daddsub_clz.o(x$fpl$dadd)
    _dadd1                                   0x08002ea5   Thumb Code     0  daddsub_clz.o(x$fpl$dadd)
    x$fpl$dcmpinf                            0x08002fe4   Section       24  dcmpi.o(x$fpl$dcmpinf)
    $v0                                      0x08002fe4   Number         0  dcmpi.o(x$fpl$dcmpinf)
    x$fpl$ddiv                               0x08002ffc   Section      688  ddiv.o(x$fpl$ddiv)
    $v0                                      0x08002ffc   Number         0  ddiv.o(x$fpl$ddiv)
    ddiv_entry                               0x08003003   Thumb Code     0  ddiv.o(x$fpl$ddiv)
    x$fpl$dfix                               0x080032ac   Section       94  dfix.o(x$fpl$dfix)
    $v0                                      0x080032ac   Number         0  dfix.o(x$fpl$dfix)
    x$fpl$dfixu                              0x0800330c   Section       90  dfixu.o(x$fpl$dfixu)
    $v0                                      0x0800330c   Number         0  dfixu.o(x$fpl$dfixu)
    x$fpl$dflt                               0x08003366   Section       46  dflt_clz.o(x$fpl$dflt)
    $v0                                      0x08003366   Number         0  dflt_clz.o(x$fpl$dflt)
    x$fpl$dfltll                             0x08003394   Section      162  dfltll_clz.o(x$fpl$dfltll)
    $v0                                      0x08003394   Number         0  dfltll_clz.o(x$fpl$dfltll)
    x$fpl$dfltu                              0x08003436   Section       38  dflt_clz.o(x$fpl$dfltu)
    $v0                                      0x08003436   Number         0  dflt_clz.o(x$fpl$dfltu)
    x$fpl$dleqf                              0x0800345c   Section      120  dleqf.o(x$fpl$dleqf)
    $v0                                      0x0800345c   Number         0  dleqf.o(x$fpl$dleqf)
    x$fpl$dmul                               0x080034d4   Section      340  dmul.o(x$fpl$dmul)
    $v0                                      0x080034d4   Number         0  dmul.o(x$fpl$dmul)
    x$fpl$dnaninf                            0x08003628   Section      156  dnaninf.o(x$fpl$dnaninf)
    $v0                                      0x08003628   Number         0  dnaninf.o(x$fpl$dnaninf)
    x$fpl$dretinf                            0x080036c4   Section       12  dretinf.o(x$fpl$dretinf)
    $v0                                      0x080036c4   Number         0  dretinf.o(x$fpl$dretinf)
    x$fpl$drsb                               0x080036d0   Section       22  daddsub_clz.o(x$fpl$drsb)
    $v0                                      0x080036d0   Number         0  daddsub_clz.o(x$fpl$drsb)
    x$fpl$dsub                               0x080036e8   Section      468  daddsub_clz.o(x$fpl$dsub)
    $v0                                      0x080036e8   Number         0  daddsub_clz.o(x$fpl$dsub)
    _dsub1                                   0x080036f9   Thumb Code     0  daddsub_clz.o(x$fpl$dsub)
    x$fpl$fpinit                             0x080038bc   Section       10  fpinit.o(x$fpl$fpinit)
    $v0                                      0x080038bc   Number         0  fpinit.o(x$fpl$fpinit)
    .constdata                               0x080038c6   Section     6632  oled.o(.constdata)
    x$fpl$usenofp                            0x080038c6   Section        0  usenofp.o(x$fpl$usenofp)
    .data                                    0x20000000   Section       33  main.o(.data)
    flag                                     0x20000020   Data           1  main.o(.data)
    .data                                    0x20000024   Section       20  system_stm32f4xx.o(.data)
    .data                                    0x20000038   Section       16  stm32bq76925.o(.data)
    .data                                    0x20000048   Section       20  voltage.o(.data)
    adc                                      0x20000058   Data           4  voltage.o(.data)
    .data                                    0x2000005c   Section      448  oled.o(.data)
    .data                                    0x2000021c   Section        4  delay.o(.data)
    fac_us                                   0x2000021c   Data           1  delay.o(.data)
    fac_ms                                   0x2000021e   Data           2  delay.o(.data)
    .data                                    0x20000220   Section       16  stm32f4xx_rcc.o(.data)
    APBAHBPrescTable                         0x20000220   Data          16  stm32f4xx_rcc.o(.data)
    .bss                                     0x20000230   Section      200  adc.o(.bss)
    .bss                                     0x200002f8   Section       96  libspace.o(.bss)
    HEAP                                     0x20000358   Section      512  startup_stm32f40_41xxx.o(HEAP)
    Heap_Mem                                 0x20000358   Data         512  startup_stm32f40_41xxx.o(HEAP)
    STACK                                    0x20000558   Section     1024  startup_stm32f40_41xxx.o(STACK)
    Stack_Mem                                0x20000558   Data        1024  startup_stm32f40_41xxx.o(STACK)
    __initial_sp                             0x20000958   Data           0  startup_stm32f40_41xxx.o(STACK)

    Global Symbols

    Symbol Name                              Value     Ov Type        Size  Object(Section)

    BuildAttributes$$THM_ISAv4$E$P$D$K$B$S$7EM$VFPi3$EXTD16$VFPS$VFMA$PE$A:L22UL41UL21$X:L11$S22US41US21$IEEE1$IW$USESV6$~STKCKD$USESV7$~SHL$OSPACE$ROPI$EBA8$UX$STANDARDLIB$REQ8$PRES8$EABIv2 0x00000000   Number         0  anon$$obj.o ABSOLUTE
    __ARM_use_no_argv                        0x00000000   Number         0  main.o ABSOLUTE
    __ARM_exceptions_init                     - Undefined Weak Reference
    __alloca_initialize                       - Undefined Weak Reference
    __cpp_initialize__aeabi_                  - Undefined Weak Reference
    __cxa_finalize                            - Undefined Weak Reference
    __rt_locale                               - Undefined Weak Reference
    __sigvec_lookup                           - Undefined Weak Reference
    _atexit_init                              - Undefined Weak Reference
    _call_atexit_fns                          - Undefined Weak Reference
    _clock_init                               - Undefined Weak Reference
    _fp_trap_init                             - Undefined Weak Reference
    _fp_trap_shutdown                         - Undefined Weak Reference
    _get_lc_collate                           - Undefined Weak Reference
    _get_lc_ctype                             - Undefined Weak Reference
    _get_lc_monetary                          - Undefined Weak Reference
    _get_lc_numeric                           - Undefined Weak Reference
    _get_lc_time                              - Undefined Weak Reference
    _getenv_init                              - Undefined Weak Reference
    _handle_redirection                       - Undefined Weak Reference
    _init_alloc                               - Undefined Weak Reference
    _init_user_alloc                          - Undefined Weak Reference
    _initio                                   - Undefined Weak Reference
    _rand_init                                - Undefined Weak Reference
    _signal_finish                            - Undefined Weak Reference
    _signal_init                              - Undefined Weak Reference
    _terminate_alloc                          - Undefined Weak Reference
    _terminate_user_alloc                     - Undefined Weak Reference
    _terminateio                              - Undefined Weak Reference
    __Vectors_Size                           0x00000188   Number         0  startup_stm32f40_41xxx.o ABSOLUTE
    __Vectors                                0x08000000   Data           4  startup_stm32f40_41xxx.o(RESET)
    __Vectors_End                            0x08000188   Data           0  startup_stm32f40_41xxx.o(RESET)
    __main                                   0x08000189   Thumb Code     8  __main.o(!!!main)
    __scatterload                            0x08000191   Thumb Code     0  __scatter.o(!!!scatter)
    __scatterload_rt2                        0x08000191   Thumb Code    44  __scatter.o(!!!scatter)
    __scatterload_rt2_thumb_only             0x08000191   Thumb Code     0  __scatter.o(!!!scatter)
    __scatterload_null                       0x0800019f   Thumb Code     0  __scatter.o(!!!scatter)
    __decompress                             0x080001c5   Thumb Code    90  __dczerorl2.o(!!dczerorl2)
    __decompress1                            0x080001c5   Thumb Code     0  __dczerorl2.o(!!dczerorl2)
    __scatterload_zeroinit                   0x08000221   Thumb Code    28  __scatter_zi.o(!!handler_zi)
    __rt_lib_init                            0x0800023d   Thumb Code     0  libinit.o(.ARM.Collect$$libinit$$00000000)
    __rt_lib_init_fp_1                       0x0800023f   Thumb Code     0  libinit2.o(.ARM.Collect$$libinit$$00000001)
    __rt_lib_init_alloca_1                   0x08000243   Thumb Code     0  libinit2.o(.ARM.Collect$$libinit$$0000002C)
    __rt_lib_init_argv_1                     0x08000243   Thumb Code     0  libinit2.o(.ARM.Collect$$libinit$$0000002A)
    __rt_lib_init_atexit_1                   0x08000243   Thumb Code     0  libinit2.o(.ARM.Collect$$libinit$$00000019)
    __rt_lib_init_clock_1                    0x08000243   Thumb Code     0  libinit2.o(.ARM.Collect$$libinit$$0000001F)
    __rt_lib_init_cpp_1                      0x08000243   Thumb Code     0  libinit2.o(.ARM.Collect$$libinit$$00000030)
    __rt_lib_init_exceptions_1               0x08000243   Thumb Code     0  libinit2.o(.ARM.Collect$$libinit$$0000002E)
    __rt_lib_init_fp_trap_1                  0x08000243   Thumb Code     0  libinit2.o(.ARM.Collect$$libinit$$0000001D)
    __rt_lib_init_getenv_1                   0x08000243   Thumb Code     0  libinit2.o(.ARM.Collect$$libinit$$00000021)
    __rt_lib_init_heap_1                     0x08000243   Thumb Code     0  libinit2.o(.ARM.Collect$$libinit$$00000008)
    __rt_lib_init_lc_collate_1               0x08000243   Thumb Code     0  libinit2.o(.ARM.Collect$$libinit$$0000000F)
    __rt_lib_init_lc_ctype_1                 0x08000243   Thumb Code     0  libinit2.o(.ARM.Collect$$libinit$$00000011)
    __rt_lib_init_lc_monetary_1              0x08000243   Thumb Code     0  libinit2.o(.ARM.Collect$$libinit$$00000013)
    __rt_lib_init_lc_numeric_1               0x08000243   Thumb Code     0  libinit2.o(.ARM.Collect$$libinit$$00000015)
    __rt_lib_init_lc_time_1                  0x08000243   Thumb Code     0  libinit2.o(.ARM.Collect$$libinit$$00000017)
    __rt_lib_init_rand_1                     0x08000243   Thumb Code     0  libinit2.o(.ARM.Collect$$libinit$$0000000C)
    __rt_lib_init_return                     0x08000243   Thumb Code     0  libinit2.o(.ARM.Collect$$libinit$$00000031)
    __rt_lib_init_signal_1                   0x08000243   Thumb Code     0  libinit2.o(.ARM.Collect$$libinit$$0000001B)
    __rt_lib_init_stdio_1                    0x08000243   Thumb Code     0  libinit2.o(.ARM.Collect$$libinit$$00000023)
    __rt_lib_init_user_alloc_1               0x08000243   Thumb Code     0  libinit2.o(.ARM.Collect$$libinit$$0000000A)
    __rt_lib_shutdown                        0x08000245   Thumb Code     0  libshutdown.o(.ARM.Collect$$libshutdown$$00000000)
    __rt_lib_shutdown_fp_trap_1              0x08000247   Thumb Code     0  libshutdown2.o(.ARM.Collect$$libshutdown$$00000006)
    __rt_lib_shutdown_heap_1                 0x08000247   Thumb Code     0  libshutdown2.o(.ARM.Collect$$libshutdown$$0000000E)
    __rt_lib_shutdown_return                 0x08000247   Thumb Code     0  libshutdown2.o(.ARM.Collect$$libshutdown$$0000000F)
    __rt_lib_shutdown_signal_1               0x08000247   Thumb Code     0  libshutdown2.o(.ARM.Collect$$libshutdown$$00000009)
    __rt_lib_shutdown_stdio_1                0x08000247   Thumb Code     0  libshutdown2.o(.ARM.Collect$$libshutdown$$00000003)
    __rt_lib_shutdown_user_alloc_1           0x08000247   Thumb Code     0  libshutdown2.o(.ARM.Collect$$libshutdown$$0000000B)
    __rt_entry                               0x08000249   Thumb Code     0  rtentry.o(.ARM.Collect$$rtentry$$00000000)
    __rt_entry_presh_1                       0x08000249   Thumb Code     0  rtentry2.o(.ARM.Collect$$rtentry$$00000002)
    __rt_entry_sh                            0x08000249   Thumb Code     0  rtentry4.o(.ARM.Collect$$rtentry$$00000004)
    __rt_entry_li                            0x0800024f   Thumb Code     0  rtentry2.o(.ARM.Collect$$rtentry$$0000000A)
    __rt_entry_postsh_1                      0x0800024f   Thumb Code     0  rtentry2.o(.ARM.Collect$$rtentry$$00000009)
    __rt_entry_main                          0x08000253   Thumb Code     0  rtentry2.o(.ARM.Collect$$rtentry$$0000000D)
    __rt_entry_postli_1                      0x08000253   Thumb Code     0  rtentry2.o(.ARM.Collect$$rtentry$$0000000C)
    __rt_exit                                0x0800025b   Thumb Code     0  rtexit.o(.ARM.Collect$$rtexit$$00000000)
    __rt_exit_ls                             0x0800025d   Thumb Code     0  rtexit2.o(.ARM.Collect$$rtexit$$00000003)
    __rt_exit_prels_1                        0x0800025d   Thumb Code     0  rtexit2.o(.ARM.Collect$$rtexit$$00000002)
    __rt_exit_exit                           0x08000261   Thumb Code     0  rtexit2.o(.ARM.Collect$$rtexit$$00000004)
    main                                     0x08000267   Thumb Code    26  main.o(.text)
    NMI_Handler                              0x08000281   Thumb Code     2  stm32f4xx_it.o(.text)
    HardFault_Handler                        0x08000283   Thumb Code     4  stm32f4xx_it.o(.text)
    MemManage_Handler                        0x08000287   Thumb Code     4  stm32f4xx_it.o(.text)
    BusFault_Handler                         0x0800028b   Thumb Code     4  stm32f4xx_it.o(.text)
    UsageFault_Handler                       0x0800028f   Thumb Code     4  stm32f4xx_it.o(.text)
    SVC_Handler                              0x08000293   Thumb Code     2  stm32f4xx_it.o(.text)
    DebugMon_Handler                         0x08000295   Thumb Code     2  stm32f4xx_it.o(.text)
    PendSV_Handler                           0x08000297   Thumb Code     2  stm32f4xx_it.o(.text)
    SysTick_Handler                          0x08000299   Thumb Code     2  stm32f4xx_it.o(.text)
    SystemInit                               0x08000379   Thumb Code    88  system_stm32f4xx.o(.text)
    SystemCoreClockUpdate                    0x080003d1   Thumb Code   174  system_stm32f4xx.o(.text)
    BQ76925Init                              0x080004ad   Thumb Code   144  stm32bq76925.o(.text)
    Adc_dma_Init                             0x0800055d   Thumb Code   286  adc.o(.text)
    Get_Adc                                  0x0800067b   Thumb Code    80  adc.o(.text)
    Get_Adc_Average                          0x080006cb   Thumb Code    46  adc.o(.text)
    CorrInit                                 0x0800070d   Thumb Code   380  voltage.o(.text)
    GET_Current                              0x08000889   Thumb Code   234  voltage.o(.text)
    GET_VCN                                  0x08000973   Thumb Code   222  voltage.o(.text)
    OLED_SHOW_VOLTAGE                        0x08000a51   Thumb Code   276  voltage.o(.text)
    GPIO_Init_Pins                           0x08000b65   Thumb Code   178  oled.o(.text)
    OLED_GPIO_Init                           0x08000c17   Thumb Code    54  oled.o(.text)
    XINGC_Init                               0x08000c4d   Thumb Code    42  oled.o(.text)
    Write_IIC_Data                           0x08000c77   Thumb Code    44  oled.o(.text)
    Write_IIC_Command                        0x08000ca3   Thumb Code    50  oled.o(.text)
    OLED_WR_Byte                             0x08000cd5   Thumb Code    24  oled.o(.text)
    OLED_Set_Pos                             0x08000ced   Thumb Code    44  oled.o(.text)
    OLED_Display_On                          0x08000d19   Thumb Code    28  oled.o(.text)
    OLED_Display_Off                         0x08000d35   Thumb Code    28  oled.o(.text)
    OLED_Clear                               0x08000d51   Thumb Code    64  oled.o(.text)
    OLED_ShowChar                            0x08000d91   Thumb Code    76  oled.o(.text)
    oled_pow                                 0x08000ddd   Thumb Code    22  oled.o(.text)
    OLED_ShowNum                             0x08000df3   Thumb Code   116  oled.o(.text)
    OLED_ShowString                          0x08000e67   Thumb Code    54  oled.o(.text)
    OLED_ShowCHinese                         0x08000e9d   Thumb Code    98  oled.o(.text)
    OLED_FloatNumber                         0x08000eff   Thumb Code   238  oled.o(.text)
    OLED_Init                                0x08000fed   Thumb Code   286  oled.o(.text)
    HardI2cInit                              0x0800110d   Thumb Code   140  hardiic.o(.text)
    I2C_write_onebyte                        0x08001199   Thumb Code   128  hardiic.o(.text)
    I2C_read_onebyte                         0x08001219   Thumb Code   120  hardiic.o(.text)
    ADC_DeInit                               0x080012a5   Thumb Code    22  stm32f4xx_adc.o(.text)
    ADC_Init                                 0x080012bb   Thumb Code    74  stm32f4xx_adc.o(.text)
    ADC_StructInit                           0x08001305   Thumb Code    20  stm32f4xx_adc.o(.text)
    ADC_CommonInit                           0x08001319   Thumb Code    34  stm32f4xx_adc.o(.text)
    ADC_CommonStructInit                     0x0800133b   Thumb Code    12  stm32f4xx_adc.o(.text)
    ADC_Cmd                                  0x08001347   Thumb Code    22  stm32f4xx_adc.o(.text)
    ADC_AnalogWatchdogCmd                    0x0800135d   Thumb Code    16  stm32f4xx_adc.o(.text)
    ADC_AnalogWatchdogThresholdsConfig       0x0800136d   Thumb Code     6  stm32f4xx_adc.o(.text)
    ADC_AnalogWatchdogSingleChannelConfig    0x08001373   Thumb Code    16  stm32f4xx_adc.o(.text)
    ADC_TempSensorVrefintCmd                 0x08001383   Thumb Code    34  stm32f4xx_adc.o(.text)
    ADC_VBATCmd                              0x080013a5   Thumb Code    34  stm32f4xx_adc.o(.text)
    ADC_RegularChannelConfig                 0x080013c7   Thumb Code   184  stm32f4xx_adc.o(.text)
    ADC_SoftwareStartConv                    0x0800147f   Thumb Code    10  stm32f4xx_adc.o(.text)
    ADC_GetSoftwareStartConvStatus           0x08001489   Thumb Code    20  stm32f4xx_adc.o(.text)
    ADC_EOCOnEachRegularChannelCmd           0x0800149d   Thumb Code    22  stm32f4xx_adc.o(.text)
    ADC_ContinuousModeCmd                    0x080014b3   Thumb Code    22  stm32f4xx_adc.o(.text)
    ADC_DiscModeChannelCountConfig           0x080014c9   Thumb Code    24  stm32f4xx_adc.o(.text)
    ADC_DiscModeCmd                          0x080014e1   Thumb Code    22  stm32f4xx_adc.o(.text)
    ADC_GetConversionValue                   0x080014f7   Thumb Code     8  stm32f4xx_adc.o(.text)
    ADC_GetMultiModeConversionValue          0x080014ff   Thumb Code     8  stm32f4xx_adc.o(.text)
    ADC_DMACmd                               0x08001507   Thumb Code    22  stm32f4xx_adc.o(.text)
    ADC_DMARequestAfterLastTransferCmd       0x0800151d   Thumb Code    22  stm32f4xx_adc.o(.text)
    ADC_MultiModeDMARequestAfterLastTransferCmd 0x08001533   Thumb Code    34  stm32f4xx_adc.o(.text)
    ADC_InjectedChannelConfig                0x08001555   Thumb Code   130  stm32f4xx_adc.o(.text)
    ADC_InjectedSequencerLengthConfig        0x080015d7   Thumb Code    24  stm32f4xx_adc.o(.text)
    ADC_SetInjectedOffset                    0x080015ef   Thumb Code    20  stm32f4xx_adc.o(.text)
    ADC_ExternalTrigInjectedConvConfig       0x08001603   Thumb Code    16  stm32f4xx_adc.o(.text)
    ADC_ExternalTrigInjectedConvEdgeConfig   0x08001613   Thumb Code    16  stm32f4xx_adc.o(.text)
    ADC_SoftwareStartInjectedConv            0x08001623   Thumb Code    10  stm32f4xx_adc.o(.text)
    ADC_GetSoftwareStartInjectedConvCmdStatus 0x0800162d   Thumb Code    20  stm32f4xx_adc.o(.text)
    ADC_AutoInjectedConvCmd                  0x08001641   Thumb Code    22  stm32f4xx_adc.o(.text)
    ADC_InjectedDiscModeCmd                  0x08001657   Thumb Code    22  stm32f4xx_adc.o(.text)
    ADC_GetInjectedConversionValue           0x0800166d   Thumb Code    28  stm32f4xx_adc.o(.text)
    ADC_ITConfig                             0x08001689   Thumb Code    56  stm32f4xx_adc.o(.text)
    ADC_GetFlagStatus                        0x080016c1   Thumb Code    18  stm32f4xx_adc.o(.text)
    ADC_ClearFlag                            0x080016d3   Thumb Code     6  stm32f4xx_adc.o(.text)
    ADC_GetITStatus                          0x080016d9   Thumb Code    38  stm32f4xx_adc.o(.text)
    ADC_ClearITPendingBit                    0x080016ff   Thumb Code    10  stm32f4xx_adc.o(.text)
    DMA_DeInit                               0x08001709   Thumb Code   324  stm32f4xx_dma.o(.text)
    DMA_Init                                 0x0800184d   Thumb Code    82  stm32f4xx_dma.o(.text)
    DMA_StructInit                           0x0800189f   Thumb Code    34  stm32f4xx_dma.o(.text)
    DMA_Cmd                                  0x080018c1   Thumb Code    22  stm32f4xx_dma.o(.text)
    DMA_PeriphIncOffsetSizeConfig            0x080018d7   Thumb Code    22  stm32f4xx_dma.o(.text)
    DMA_FlowControllerConfig                 0x080018ed   Thumb Code    22  stm32f4xx_dma.o(.text)
    DMA_SetCurrDataCounter                   0x08001903   Thumb Code     4  stm32f4xx_dma.o(.text)
    DMA_GetCurrDataCounter                   0x08001907   Thumb Code     8  stm32f4xx_dma.o(.text)
    DMA_DoubleBufferModeConfig               0x0800190f   Thumb Code    24  stm32f4xx_dma.o(.text)
    DMA_DoubleBufferModeCmd                  0x08001927   Thumb Code    22  stm32f4xx_dma.o(.text)
    DMA_MemoryTargetConfig                   0x0800193d   Thumb Code    10  stm32f4xx_dma.o(.text)
    DMA_GetCurrentMemoryTarget               0x08001947   Thumb Code    20  stm32f4xx_dma.o(.text)
    DMA_GetCmdStatus                         0x0800195b   Thumb Code    20  stm32f4xx_dma.o(.text)
    DMA_GetFIFOStatus                        0x0800196f   Thumb Code    12  stm32f4xx_dma.o(.text)
    DMA_GetFlagStatus                        0x0800197b   Thumb Code    56  stm32f4xx_dma.o(.text)
    DMA_ClearFlag                            0x080019b3   Thumb Code    40  stm32f4xx_dma.o(.text)
    DMA_ITConfig                             0x080019db   Thumb Code    58  stm32f4xx_dma.o(.text)
    DMA_GetITStatus                          0x08001a15   Thumb Code    84  stm32f4xx_dma.o(.text)
    DMA_ClearITPendingBit                    0x08001a69   Thumb Code    40  stm32f4xx_dma.o(.text)
    IIC_Init                                 0x08001ab1   Thumb Code    62  myiic.o(.text)
    IIC_Start                                0x08001aef   Thumb Code    68  myiic.o(.text)
    IIC_Stop                                 0x08001b33   Thumb Code    62  myiic.o(.text)
    IIC_Wait_Ack                             0x08001b71   Thumb Code    82  myiic.o(.text)
    IIC_Ack                                  0x08001bc3   Thumb Code    66  myiic.o(.text)
    IIC_NAck                                 0x08001c05   Thumb Code    66  myiic.o(.text)
    IIC_Send_Byte                            0x08001c47   Thumb Code   104  myiic.o(.text)
    IIC_Read_Byte                            0x08001caf   Thumb Code    94  myiic.o(.text)
    delay_init                               0x08001d19   Thumb Code    52  delay.o(.text)
    delay_us                                 0x08001d4d   Thumb Code    72  delay.o(.text)
    delay_xms                                0x08001d95   Thumb Code    72  delay.o(.text)
    delay_ms                                 0x08001ddd   Thumb Code    56  delay.o(.text)
    Reset_Handler                            0x08001e1d   Thumb Code     8  startup_stm32f40_41xxx.o(.text)
    ADC_IRQHandler                           0x08001e37   Thumb Code     0  startup_stm32f40_41xxx.o(.text)
    CAN1_RX0_IRQHandler                      0x08001e37   Thumb Code     0  startup_stm32f40_41xxx.o(.text)
    CAN1_RX1_IRQHandler                      0x08001e37   Thumb Code     0  startup_stm32f40_41xxx.o(.text)
    CAN1_SCE_IRQHandler                      0x08001e37   Thumb Code     0  startup_stm32f40_41xxx.o(.text)
    CAN1_TX_IRQHandler                       0x08001e37   Thumb Code     0  startup_stm32f40_41xxx.o(.text)
    CAN2_RX0_IRQHandler                      0x08001e37   Thumb Code     0  startup_stm32f40_41xxx.o(.text)
    CAN2_RX1_IRQHandler                      0x08001e37   Thumb Code     0  startup_stm32f40_41xxx.o(.text)
    CAN2_SCE_IRQHandler                      0x08001e37   Thumb Code     0  startup_stm32f40_41xxx.o(.text)
    CAN2_TX_IRQHandler                       0x08001e37   Thumb Code     0  startup_stm32f40_41xxx.o(.text)
    CRYP_IRQHandler                          0x08001e37   Thumb Code     0  startup_stm32f40_41xxx.o(.text)
    DCMI_IRQHandler                          0x08001e37   Thumb Code     0  startup_stm32f40_41xxx.o(.text)
    DMA1_Stream0_IRQHandler                  0x08001e37   Thumb Code     0  startup_stm32f40_41xxx.o(.text)
    DMA1_Stream1_IRQHandler                  0x08001e37   Thumb Code     0  startup_stm32f40_41xxx.o(.text)
    DMA1_Stream2_IRQHandler                  0x08001e37   Thumb Code     0  startup_stm32f40_41xxx.o(.text)
    DMA1_Stream3_IRQHandler                  0x08001e37   Thumb Code     0  startup_stm32f40_41xxx.o(.text)
    DMA1_Stream4_IRQHandler                  0x08001e37   Thumb Code     0  startup_stm32f40_41xxx.o(.text)
    DMA1_Stream5_IRQHandler                  0x08001e37   Thumb Code     0  startup_stm32f40_41xxx.o(.text)
    DMA1_Stream6_IRQHandler                  0x08001e37   Thumb Code     0  startup_stm32f40_41xxx.o(.text)
    DMA1_Stream7_IRQHandler                  0x08001e37   Thumb Code     0  startup_stm32f40_41xxx.o(.text)
    DMA2_Stream0_IRQHandler                  0x08001e37   Thumb Code     0  startup_stm32f40_41xxx.o(.text)
    DMA2_Stream1_IRQHandler                  0x08001e37   Thumb Code     0  startup_stm32f40_41xxx.o(.text)
    DMA2_Stream2_IRQHandler                  0x08001e37   Thumb Code     0  startup_stm32f40_41xxx.o(.text)
    DMA2_Stream3_IRQHandler                  0x08001e37   Thumb Code     0  startup_stm32f40_41xxx.o(.text)
    DMA2_Stream4_IRQHandler                  0x08001e37   Thumb Code     0  startup_stm32f40_41xxx.o(.text)
    DMA2_Stream5_IRQHandler                  0x08001e37   Thumb Code     0  startup_stm32f40_41xxx.o(.text)
    DMA2_Stream6_IRQHandler                  0x08001e37   Thumb Code     0  startup_stm32f40_41xxx.o(.text)
    DMA2_Stream7_IRQHandler                  0x08001e37   Thumb Code     0  startup_stm32f40_41xxx.o(.text)
    ETH_IRQHandler                           0x08001e37   Thumb Code     0  startup_stm32f40_41xxx.o(.text)
    ETH_WKUP_IRQHandler                      0x08001e37   Thumb Code     0  startup_stm32f40_41xxx.o(.text)
    EXTI0_IRQHandler                         0x08001e37   Thumb Code     0  startup_stm32f40_41xxx.o(.text)
    EXTI15_10_IRQHandler                     0x08001e37   Thumb Code     0  startup_stm32f40_41xxx.o(.text)
    EXTI1_IRQHandler                         0x08001e37   Thumb Code     0  startup_stm32f40_41xxx.o(.text)
    EXTI2_IRQHandler                         0x08001e37   Thumb Code     0  startup_stm32f40_41xxx.o(.text)
    EXTI3_IRQHandler                         0x08001e37   Thumb Code     0  startup_stm32f40_41xxx.o(.text)
    EXTI4_IRQHandler                         0x08001e37   Thumb Code     0  startup_stm32f40_41xxx.o(.text)
    EXTI9_5_IRQHandler                       0x08001e37   Thumb Code     0  startup_stm32f40_41xxx.o(.text)
    FLASH_IRQHandler                         0x08001e37   Thumb Code     0  startup_stm32f40_41xxx.o(.text)
    FPU_IRQHandler                           0x08001e37   Thumb Code     0  startup_stm32f40_41xxx.o(.text)
    FSMC_IRQHandler                          0x08001e37   Thumb Code     0  startup_stm32f40_41xxx.o(.text)
    HASH_RNG_IRQHandler                      0x08001e37   Thumb Code     0  startup_stm32f40_41xxx.o(.text)
    I2C1_ER_IRQHandler                       0x08001e37   Thumb Code     0  startup_stm32f40_41xxx.o(.text)
    I2C1_EV_IRQHandler                       0x08001e37   Thumb Code     0  startup_stm32f40_41xxx.o(.text)
    I2C2_ER_IRQHandler                       0x08001e37   Thumb Code     0  startup_stm32f40_41xxx.o(.text)
    I2C2_EV_IRQHandler                       0x08001e37   Thumb Code     0  startup_stm32f40_41xxx.o(.text)
    I2C3_ER_IRQHandler                       0x08001e37   Thumb Code     0  startup_stm32f40_41xxx.o(.text)
    I2C3_EV_IRQHandler                       0x08001e37   Thumb Code     0  startup_stm32f40_41xxx.o(.text)
    OTG_FS_IRQHandler                        0x08001e37   Thumb Code     0  startup_stm32f40_41xxx.o(.text)
    OTG_FS_WKUP_IRQHandler                   0x08001e37   Thumb Code     0  startup_stm32f40_41xxx.o(.text)
    OTG_HS_EP1_IN_IRQHandler                 0x08001e37   Thumb Code     0  startup_stm32f40_41xxx.o(.text)
    OTG_HS_EP1_OUT_IRQHandler                0x08001e37   Thumb Code     0  startup_stm32f40_41xxx.o(.text)
    OTG_HS_IRQHandler                        0x08001e37   Thumb Code     0  startup_stm32f40_41xxx.o(.text)
    OTG_HS_WKUP_IRQHandler                   0x08001e37   Thumb Code     0  startup_stm32f40_41xxx.o(.text)
    PVD_IRQHandler                           0x08001e37   Thumb Code     0  startup_stm32f40_41xxx.o(.text)
    RCC_IRQHandler                           0x08001e37   Thumb Code     0  startup_stm32f40_41xxx.o(.text)
    RTC_Alarm_IRQHandler                     0x08001e37   Thumb Code     0  startup_stm32f40_41xxx.o(.text)
    RTC_WKUP_IRQHandler                      0x08001e37   Thumb Code     0  startup_stm32f40_41xxx.o(.text)
    SDIO_IRQHandler                          0x08001e37   Thumb Code     0  startup_stm32f40_41xxx.o(.text)
    SPI1_IRQHandler                          0x08001e37   Thumb Code     0  startup_stm32f40_41xxx.o(.text)
    SPI2_IRQHandler                          0x08001e37   Thumb Code     0  startup_stm32f40_41xxx.o(.text)
    SPI3_IRQHandler                          0x08001e37   Thumb Code     0  startup_stm32f40_41xxx.o(.text)
    TAMP_STAMP_IRQHandler                    0x08001e37   Thumb Code     0  startup_stm32f40_41xxx.o(.text)
    TIM1_BRK_TIM9_IRQHandler                 0x08001e37   Thumb Code     0  startup_stm32f40_41xxx.o(.text)
    TIM1_CC_IRQHandler                       0x08001e37   Thumb Code     0  startup_stm32f40_41xxx.o(.text)
    TIM1_TRG_COM_TIM11_IRQHandler            0x08001e37   Thumb Code     0  startup_stm32f40_41xxx.o(.text)
    TIM1_UP_TIM10_IRQHandler                 0x08001e37   Thumb Code     0  startup_stm32f40_41xxx.o(.text)
    TIM2_IRQHandler                          0x08001e37   Thumb Code     0  startup_stm32f40_41xxx.o(.text)
    TIM3_IRQHandler                          0x08001e37   Thumb Code     0  startup_stm32f40_41xxx.o(.text)
    TIM4_IRQHandler                          0x08001e37   Thumb Code     0  startup_stm32f40_41xxx.o(.text)
    TIM5_IRQHandler                          0x08001e37   Thumb Code     0  startup_stm32f40_41xxx.o(.text)
    TIM6_DAC_IRQHandler                      0x08001e37   Thumb Code     0  startup_stm32f40_41xxx.o(.text)
    TIM7_IRQHandler                          0x08001e37   Thumb Code     0  startup_stm32f40_41xxx.o(.text)
    TIM8_BRK_TIM12_IRQHandler                0x08001e37   Thumb Code     0  startup_stm32f40_41xxx.o(.text)
    TIM8_CC_IRQHandler                       0x08001e37   Thumb Code     0  startup_stm32f40_41xxx.o(.text)
    TIM8_TRG_COM_TIM14_IRQHandler            0x08001e37   Thumb Code     0  startup_stm32f40_41xxx.o(.text)
    TIM8_UP_TIM13_IRQHandler                 0x08001e37   Thumb Code     0  startup_stm32f40_41xxx.o(.text)
    UART4_IRQHandler                         0x08001e37   Thumb Code     0  startup_stm32f40_41xxx.o(.text)
    UART5_IRQHandler                         0x08001e37   Thumb Code     0  startup_stm32f40_41xxx.o(.text)
    USART1_IRQHandler                        0x08001e37   Thumb Code     0  startup_stm32f40_41xxx.o(.text)
    USART2_IRQHandler                        0x08001e37   Thumb Code     0  startup_stm32f40_41xxx.o(.text)
    USART3_IRQHandler                        0x08001e37   Thumb Code     0  startup_stm32f40_41xxx.o(.text)
    USART6_IRQHandler                        0x08001e37   Thumb Code     0  startup_stm32f40_41xxx.o(.text)
    WWDG_IRQHandler                          0x08001e37   Thumb Code     0  startup_stm32f40_41xxx.o(.text)
    __user_initial_stackheap                 0x08001e39   Thumb Code     0  startup_stm32f40_41xxx.o(.text)
    NVIC_PriorityGroupConfig                 0x08001e5d   Thumb Code    10  misc.o(.text)
    NVIC_Init                                0x08001e67   Thumb Code   106  misc.o(.text)
    NVIC_SetVectorTable                      0x08001ed1   Thumb Code    14  misc.o(.text)
    NVIC_SystemLPConfig                      0x08001edf   Thumb Code    34  misc.o(.text)
    SysTick_CLKSourceConfig                  0x08001f01   Thumb Code    40  misc.o(.text)
    GPIO_DeInit                              0x08001f3d   Thumb Code   268  stm32f4xx_gpio.o(.text)
    GPIO_Init                                0x08002049   Thumb Code   144  stm32f4xx_gpio.o(.text)
    GPIO_StructInit                          0x080020d9   Thumb Code    18  stm32f4xx_gpio.o(.text)
    GPIO_PinLockConfig                       0x080020eb   Thumb Code    34  stm32f4xx_gpio.o(.text)
    GPIO_ReadInputDataBit                    0x0800210d   Thumb Code    18  stm32f4xx_gpio.o(.text)
    GPIO_ReadInputData                       0x0800211f   Thumb Code     8  stm32f4xx_gpio.o(.text)
    GPIO_ReadOutputDataBit                   0x08002127   Thumb Code    18  stm32f4xx_gpio.o(.text)
    GPIO_ReadOutputData                      0x08002139   Thumb Code     8  stm32f4xx_gpio.o(.text)
    GPIO_SetBits                             0x08002141   Thumb Code     4  stm32f4xx_gpio.o(.text)
    GPIO_ResetBits                           0x08002145   Thumb Code     4  stm32f4xx_gpio.o(.text)
    GPIO_WriteBit                            0x08002149   Thumb Code    10  stm32f4xx_gpio.o(.text)
    GPIO_Write                               0x08002153   Thumb Code     4  stm32f4xx_gpio.o(.text)
    GPIO_ToggleBits                          0x08002157   Thumb Code     8  stm32f4xx_gpio.o(.text)
    GPIO_PinAFConfig                         0x0800215f   Thumb Code    70  stm32f4xx_gpio.o(.text)
    RCC_DeInit                               0x080021d1   Thumb Code    82  stm32f4xx_rcc.o(.text)
    RCC_HSEConfig                            0x08002223   Thumb Code    14  stm32f4xx_rcc.o(.text)
    RCC_GetFlagStatus                        0x08002231   Thumb Code    60  stm32f4xx_rcc.o(.text)
    RCC_WaitForHSEStartUp                    0x0800226d   Thumb Code    56  stm32f4xx_rcc.o(.text)
    RCC_AdjustHSICalibrationValue            0x080022a5   Thumb Code    20  stm32f4xx_rcc.o(.text)
    RCC_HSICmd                               0x080022b9   Thumb Code     6  stm32f4xx_rcc.o(.text)
    RCC_LSEConfig                            0x080022bf   Thumb Code    46  stm32f4xx_rcc.o(.text)
    RCC_LSICmd                               0x080022ed   Thumb Code     6  stm32f4xx_rcc.o(.text)
    RCC_PLLConfig                            0x080022f3   Thumb Code    32  stm32f4xx_rcc.o(.text)
    RCC_PLLCmd                               0x08002313   Thumb Code     6  stm32f4xx_rcc.o(.text)
    RCC_PLLI2SConfig                         0x08002319   Thumb Code    14  stm32f4xx_rcc.o(.text)
    RCC_PLLI2SCmd                            0x08002327   Thumb Code     6  stm32f4xx_rcc.o(.text)
    RCC_PLLSAIConfig                         0x0800232d   Thumb Code    20  stm32f4xx_rcc.o(.text)
    RCC_PLLSAICmd                            0x08002341   Thumb Code     6  stm32f4xx_rcc.o(.text)
    RCC_ClockSecuritySystemCmd               0x08002347   Thumb Code     6  stm32f4xx_rcc.o(.text)
    RCC_MCO1Config                           0x0800234d   Thumb Code    28  stm32f4xx_rcc.o(.text)
    RCC_MCO2Config                           0x08002369   Thumb Code    28  stm32f4xx_rcc.o(.text)
    RCC_SYSCLKConfig                         0x08002385   Thumb Code    20  stm32f4xx_rcc.o(.text)
    RCC_GetSYSCLKSource                      0x08002399   Thumb Code    12  stm32f4xx_rcc.o(.text)
    RCC_HCLKConfig                           0x080023a5   Thumb Code    20  stm32f4xx_rcc.o(.text)
    RCC_PCLK1Config                          0x080023b9   Thumb Code    20  stm32f4xx_rcc.o(.text)
    RCC_PCLK2Config                          0x080023cd   Thumb Code    22  stm32f4xx_rcc.o(.text)
    RCC_GetClocksFreq                        0x080023e3   Thumb Code   222  stm32f4xx_rcc.o(.text)
    RCC_RTCCLKConfig                         0x080024c1   Thumb Code    54  stm32f4xx_rcc.o(.text)
    RCC_RTCCLKCmd                            0x080024f7   Thumb Code     8  stm32f4xx_rcc.o(.text)
    RCC_BackupResetCmd                       0x080024ff   Thumb Code     8  stm32f4xx_rcc.o(.text)
    RCC_I2SCLKConfig                         0x08002507   Thumb Code     6  stm32f4xx_rcc.o(.text)
    RCC_SAIPLLI2SClkDivConfig                0x0800250d   Thumb Code    26  stm32f4xx_rcc.o(.text)
    RCC_SAIPLLSAIClkDivConfig                0x08002527   Thumb Code    28  stm32f4xx_rcc.o(.text)
    RCC_SAIBlockACLKConfig                   0x08002543   Thumb Code    20  stm32f4xx_rcc.o(.text)
    RCC_SAIBlockBCLKConfig                   0x08002557   Thumb Code    20  stm32f4xx_rcc.o(.text)
    RCC_LTDCCLKDivConfig                     0x0800256b   Thumb Code    20  stm32f4xx_rcc.o(.text)
    RCC_TIMCLKPresConfig                     0x0800257f   Thumb Code     6  stm32f4xx_rcc.o(.text)
    RCC_AHB1PeriphClockCmd                   0x08002585   Thumb Code    34  stm32f4xx_rcc.o(.text)
    RCC_AHB2PeriphClockCmd                   0x080025a7   Thumb Code    78  stm32f4xx_rcc.o(.text)
    RCC_AHB3PeriphClockCmd                   0x080025f5   Thumb Code    34  stm32f4xx_rcc.o(.text)
    RCC_APB1PeriphClockCmd                   0x08002617   Thumb Code    34  stm32f4xx_rcc.o(.text)
    RCC_APB2PeriphClockCmd                   0x08002639   Thumb Code    34  stm32f4xx_rcc.o(.text)
    RCC_AHB1PeriphResetCmd                   0x0800265b   Thumb Code    34  stm32f4xx_rcc.o(.text)
    RCC_AHB2PeriphResetCmd                   0x0800267d   Thumb Code    34  stm32f4xx_rcc.o(.text)
    RCC_AHB3PeriphResetCmd                   0x0800269f   Thumb Code    34  stm32f4xx_rcc.o(.text)
    RCC_APB1PeriphResetCmd                   0x080026c1   Thumb Code    34  stm32f4xx_rcc.o(.text)
    RCC_APB2PeriphResetCmd                   0x080026e3   Thumb Code    34  stm32f4xx_rcc.o(.text)
    RCC_AHB1PeriphClockLPModeCmd             0x08002705   Thumb Code    34  stm32f4xx_rcc.o(.text)
    RCC_AHB2PeriphClockLPModeCmd             0x08002727   Thumb Code    34  stm32f4xx_rcc.o(.text)
    RCC_AHB3PeriphClockLPModeCmd             0x08002749   Thumb Code    34  stm32f4xx_rcc.o(.text)
    RCC_APB1PeriphClockLPModeCmd             0x0800276b   Thumb Code    34  stm32f4xx_rcc.o(.text)
    RCC_APB2PeriphClockLPModeCmd             0x0800278d   Thumb Code    34  stm32f4xx_rcc.o(.text)
    RCC_LSEModeConfig                        0x080027af   Thumb Code    40  stm32f4xx_rcc.o(.text)
    RCC_ITConfig                             0x080027d7   Thumb Code    34  stm32f4xx_rcc.o(.text)
    RCC_ClearFlag                            0x080027f9   Thumb Code    18  stm32f4xx_rcc.o(.text)
    RCC_GetITStatus                          0x0800280b   Thumb Code    22  stm32f4xx_rcc.o(.text)
    RCC_ClearITPendingBit                    0x08002821   Thumb Code     8  stm32f4xx_rcc.o(.text)
    I2C_DeInit                               0x0800282d   Thumb Code    82  stm32f4xx_i2c.o(.text)
    I2C_Init                                 0x0800287f   Thumb Code   218  stm32f4xx_i2c.o(.text)
    I2C_StructInit                           0x08002959   Thumb Code    30  stm32f4xx_i2c.o(.text)
    I2C_Cmd                                  0x08002977   Thumb Code    24  stm32f4xx_i2c.o(.text)
    I2C_AnalogFilterCmd                      0x0800298f   Thumb Code    24  stm32f4xx_i2c.o(.text)
    I2C_DigitalFilterConfig                  0x080029a7   Thumb Code    22  stm32f4xx_i2c.o(.text)
    I2C_GenerateSTART                        0x080029bd   Thumb Code    24  stm32f4xx_i2c.o(.text)
    I2C_GenerateSTOP                         0x080029d5   Thumb Code    24  stm32f4xx_i2c.o(.text)
    I2C_Send7bitAddress                      0x080029ed   Thumb Code    16  stm32f4xx_i2c.o(.text)
    I2C_AcknowledgeConfig                    0x080029fd   Thumb Code    24  stm32f4xx_i2c.o(.text)
    I2C_OwnAddress2Config                    0x08002a15   Thumb Code    22  stm32f4xx_i2c.o(.text)
    I2C_DualAddressCmd                       0x08002a2b   Thumb Code    24  stm32f4xx_i2c.o(.text)
    I2C_GeneralCallCmd                       0x08002a43   Thumb Code    24  stm32f4xx_i2c.o(.text)
    I2C_SoftwareResetCmd                     0x08002a5b   Thumb Code    22  stm32f4xx_i2c.o(.text)
    I2C_StretchClockCmd                      0x08002a71   Thumb Code    24  stm32f4xx_i2c.o(.text)
    I2C_FastModeDutyCycleConfig              0x08002a89   Thumb Code    28  stm32f4xx_i2c.o(.text)
    I2C_NACKPositionConfig                   0x08002aa5   Thumb Code    28  stm32f4xx_i2c.o(.text)
    I2C_SMBusAlertConfig                     0x08002ac1   Thumb Code    28  stm32f4xx_i2c.o(.text)
    I2C_ARPCmd                               0x08002add   Thumb Code    24  stm32f4xx_i2c.o(.text)
    I2C_SendData                             0x08002af5   Thumb Code     4  stm32f4xx_i2c.o(.text)
    I2C_ReceiveData                          0x08002af9   Thumb Code     8  stm32f4xx_i2c.o(.text)
    I2C_TransmitPEC                          0x08002b01   Thumb Code    24  stm32f4xx_i2c.o(.text)
    I2C_PECPositionConfig                    0x08002b19   Thumb Code    28  stm32f4xx_i2c.o(.text)
    I2C_CalculatePEC                         0x08002b35   Thumb Code    24  stm32f4xx_i2c.o(.text)
    I2C_GetPEC                               0x08002b4d   Thumb Code     8  stm32f4xx_i2c.o(.text)
    I2C_DMACmd                               0x08002b55   Thumb Code    24  stm32f4xx_i2c.o(.text)
    I2C_DMALastTransferCmd                   0x08002b6d   Thumb Code    24  stm32f4xx_i2c.o(.text)
    I2C_ReadRegister                         0x08002b85   Thumb Code    22  stm32f4xx_i2c.o(.text)
    I2C_ITConfig                             0x08002b9b   Thumb Code    18  stm32f4xx_i2c.o(.text)
    I2C_CheckEvent                           0x08002bad   Thumb Code    42  stm32f4xx_i2c.o(.text)
    I2C_GetLastEvent                         0x08002bd7   Thumb Code    26  stm32f4xx_i2c.o(.text)
    I2C_GetFlagStatus                        0x08002bf1   Thumb Code    84  stm32f4xx_i2c.o(.text)
    I2C_ClearFlag                            0x08002c45   Thumb Code    12  stm32f4xx_i2c.o(.text)
    I2C_GetITStatus                          0x08002c51   Thumb Code    38  stm32f4xx_i2c.o(.text)
    I2C_ClearITPendingBit                    0x08002c77   Thumb Code    12  stm32f4xx_i2c.o(.text)
    __aeabi_ldivmod                          0x08002c83   Thumb Code     0  llsdiv.o(.text)
    _ll_sdiv                                 0x08002c83   Thumb Code    72  llsdiv.o(.text)
    __aeabi_memclr4                          0x08002ccb   Thumb Code     0  rt_memclr_w.o(.text)
    __aeabi_memclr8                          0x08002ccb   Thumb Code     0  rt_memclr_w.o(.text)
    __rt_memclr_w                            0x08002ccb   Thumb Code    78  rt_memclr_w.o(.text)
    _memset_w                                0x08002ccf   Thumb Code     0  rt_memclr_w.o(.text)
    __use_two_region_memory                  0x08002d19   Thumb Code     2  heapauxi.o(.text)
    __rt_heap_escrow$2region                 0x08002d1b   Thumb Code     2  heapauxi.o(.text)
    __rt_heap_expand$2region                 0x08002d1d   Thumb Code     2  heapauxi.o(.text)
    __aeabi_uldivmod                         0x08002d1f   Thumb Code     0  lludivv7m.o(.text)
    _ll_udiv                                 0x08002d1f   Thumb Code   238  lludivv7m.o(.text)
    __user_setup_stackheap                   0x08002e0d   Thumb Code    74  sys_stackheap_outer.o(.text)
    exit                                     0x08002e57   Thumb Code    12  exit.o(.text)
    __user_libspace                          0x08002e65   Thumb Code     8  libspace.o(.text)
    __user_perproc_libspace                  0x08002e65   Thumb Code     0  libspace.o(.text)
    __user_perthread_libspace                0x08002e65   Thumb Code     0  libspace.o(.text)
    _sys_exit                                0x08002e6d   Thumb Code     8  sys_exit.o(.text)
    __I$use$semihosting                      0x08002e79   Thumb Code     0  use_no_semi.o(.text)
    __use_no_semihosting_swi                 0x08002e79   Thumb Code     2  use_no_semi.o(.text)
    __aeabi_dneg                             0x08002e7b   Thumb Code     0  basic.o(x$fpl$basic)
    __semihosting_library_function           0x08002e7b   Thumb Code     0  indicate_semi.o(.text)
    _dneg                                    0x08002e7b   Thumb Code     6  basic.o(x$fpl$basic)
    __aeabi_fneg                             0x08002e81   Thumb Code     0  basic.o(x$fpl$basic)
    _fneg                                    0x08002e81   Thumb Code     6  basic.o(x$fpl$basic)
    _dabs                                    0x08002e87   Thumb Code     6  basic.o(x$fpl$basic)
    _fabs                                    0x08002e8d   Thumb Code     6  basic.o(x$fpl$basic)
    __aeabi_dadd                             0x08002e95   Thumb Code     0  daddsub_clz.o(x$fpl$dadd)
    _dadd                                    0x08002e95   Thumb Code   332  daddsub_clz.o(x$fpl$dadd)
    __fpl_dcmp_Inf                           0x08002fe5   Thumb Code    24  dcmpi.o(x$fpl$dcmpinf)
    __aeabi_ddiv                             0x08002ffd   Thumb Code     0  ddiv.o(x$fpl$ddiv)
    _ddiv                                    0x08002ffd   Thumb Code   552  ddiv.o(x$fpl$ddiv)
    __aeabi_d2iz                             0x080032ad   Thumb Code     0  dfix.o(x$fpl$dfix)
    _dfix                                    0x080032ad   Thumb Code    94  dfix.o(x$fpl$dfix)
    __aeabi_d2uiz                            0x0800330d   Thumb Code     0  dfixu.o(x$fpl$dfixu)
    _dfixu                                   0x0800330d   Thumb Code    90  dfixu.o(x$fpl$dfixu)
    __aeabi_i2d                              0x08003367   Thumb Code     0  dflt_clz.o(x$fpl$dflt)
    _dflt                                    0x08003367   Thumb Code    46  dflt_clz.o(x$fpl$dflt)
    __aeabi_l2d                              0x08003395   Thumb Code     0  dfltll_clz.o(x$fpl$dfltll)
    _ll_sto_d                                0x08003395   Thumb Code   162  dfltll_clz.o(x$fpl$dfltll)
    __aeabi_ui2d                             0x08003437   Thumb Code     0  dflt_clz.o(x$fpl$dfltu)
    _dfltu                                   0x08003437   Thumb Code    38  dflt_clz.o(x$fpl$dfltu)
    __aeabi_cdcmple                          0x0800345d   Thumb Code     0  dleqf.o(x$fpl$dleqf)
    _dcmple                                  0x0800345d   Thumb Code   120  dleqf.o(x$fpl$dleqf)
    __fpl_dcmple_InfNaN                      0x080034bf   Thumb Code     0  dleqf.o(x$fpl$dleqf)
    __aeabi_dmul                             0x080034d5   Thumb Code     0  dmul.o(x$fpl$dmul)
    _dmul                                    0x080034d5   Thumb Code   332  dmul.o(x$fpl$dmul)
    __fpl_dnaninf                            0x08003629   Thumb Code   156  dnaninf.o(x$fpl$dnaninf)
    __fpl_dretinf                            0x080036c5   Thumb Code    12  dretinf.o(x$fpl$dretinf)
    __aeabi_drsub                            0x080036d1   Thumb Code     0  daddsub_clz.o(x$fpl$drsb)
    _drsb                                    0x080036d1   Thumb Code    22  daddsub_clz.o(x$fpl$drsb)
    __aeabi_dsub                             0x080036e9   Thumb Code     0  daddsub_clz.o(x$fpl$dsub)
    _dsub                                    0x080036e9   Thumb Code   464  daddsub_clz.o(x$fpl$dsub)
    _fp_init                                 0x080038bd   Thumb Code    10  fpinit.o(x$fpl$fpinit)
    __fplib_config_fpu_vfp                   0x080038c5   Thumb Code     0  fpinit.o(x$fpl$fpinit)
    __fplib_config_pureend_doubles           0x080038c5   Thumb Code     0  fpinit.o(x$fpl$fpinit)
    F6x8                                     0x080038c6   Data         552  oled.o(.constdata)
    __I$use$fp                               0x080038c6   Number         0  usenofp.o(x$fpl$usenofp)
    F8X12                                    0x08003aee   Data        1140  oled.o(.constdata)
    F8X16                                    0x08003f62   Data        1520  oled.o(.constdata)
    F8X24                                    0x08004552   Data        3420  oled.o(.constdata)
    Region$$Table$$Base                      0x080052b0   Number         0  anon$$obj.o(Region$$Table)
    Region$$Table$$Limit                     0x080052d0   Number         0  anon$$obj.o(Region$$Table)
    adc_sensen                               0x20000000   Data           2  main.o(.data)
    i                                        0x20000002   Data           1  main.o(.data)
    current                                  0x20000008   Data           8  main.o(.data)
    testB                                    0x20000010   Data           8  main.o(.data)
    testC                                    0x20000018   Data           8  main.o(.data)
    SystemCoreClock                          0x20000024   Data           4  system_stm32f4xx.o(.data)
    AHBPrescTable                            0x20000028   Data          16  system_stm32f4xx.o(.data)
    vref_corr                                0x20000038   Data           4  stm32bq76925.o(.data)
    Config_reg                               0x2000003c   Data          12  stm32bq76925.o(.data)
    offset_corr                              0x20000048   Data           7  voltage.o(.data)
    gain_corr                                0x2000004f   Data           7  voltage.o(.data)
    Hzk                                      0x2000005c   Data         448  oled.o(.data)
    ADC_Data                                 0x20000230   Data         200  adc.o(.bss)
    __libspace_start                         0x200002f8   Data          96  libspace.o(.bss)
    __temporary_stack_top$libspace           0x20000358   Data           0  libspace.o(.bss)



==============================================================================

Memory Map of the image

  Image Entry point : 0x08000189

  Load Region LR_IROM1 (Base: 0x08000000, Size: 0x00005500, Max: 0x00100000, ABSOLUTE, COMPRESSED[0x000053c4])

    Execution Region ER_IROM1 (Base: 0x08000000, Size: 0x000052d0, Max: 0x00100000, ABSOLUTE)

    Base Addr    Size         Type   Attr      Idx    E Section Name        Object

    0x08000000   0x00000188   Data   RO          716    RESET               startup_stm32f40_41xxx.o
    0x08000188   0x00000008   Code   RO          874  * !!!main             c_w.l(__main.o)
    0x08000190   0x00000034   Code   RO         1083    !!!scatter          c_w.l(__scatter.o)
    0x080001c4   0x0000005a   Code   RO         1081    !!dczerorl2         c_w.l(__dczerorl2.o)
    0x0800021e   0x00000002   PAD
    0x08000220   0x0000001c   Code   RO         1085    !!handler_zi        c_w.l(__scatter_zi.o)
    0x0800023c   0x00000002   Code   RO          950    .ARM.Collect$$libinit$$00000000  c_w.l(libinit.o)
    0x0800023e   0x00000004   Code   RO          960    .ARM.Collect$$libinit$$00000001  c_w.l(libinit2.o)
    0x08000242   0x00000000   Code   RO          964    .ARM.Collect$$libinit$$00000008  c_w.l(libinit2.o)
    0x08000242   0x00000000   Code   RO          966    .ARM.Collect$$libinit$$0000000A  c_w.l(libinit2.o)
    0x08000242   0x00000000   Code   RO          968    .ARM.Collect$$libinit$$0000000C  c_w.l(libinit2.o)
    0x08000242   0x00000000   Code   RO          971    .ARM.Collect$$libinit$$0000000F  c_w.l(libinit2.o)
    0x08000242   0x00000000   Code   RO          973    .ARM.Collect$$libinit$$00000011  c_w.l(libinit2.o)
    0x08000242   0x00000000   Code   RO          975    .ARM.Collect$$libinit$$00000013  c_w.l(libinit2.o)
    0x08000242   0x00000000   Code   RO          977    .ARM.Collect$$libinit$$00000015  c_w.l(libinit2.o)
    0x08000242   0x00000000   Code   RO          979    .ARM.Collect$$libinit$$00000017  c_w.l(libinit2.o)
    0x08000242   0x00000000   Code   RO          981    .ARM.Collect$$libinit$$00000019  c_w.l(libinit2.o)
    0x08000242   0x00000000   Code   RO          983    .ARM.Collect$$libinit$$0000001B  c_w.l(libinit2.o)
    0x08000242   0x00000000   Code   RO          985    .ARM.Collect$$libinit$$0000001D  c_w.l(libinit2.o)
    0x08000242   0x00000000   Code   RO          987    .ARM.Collect$$libinit$$0000001F  c_w.l(libinit2.o)
    0x08000242   0x00000000   Code   RO          989    .ARM.Collect$$libinit$$00000021  c_w.l(libinit2.o)
    0x08000242   0x00000000   Code   RO          991    .ARM.Collect$$libinit$$00000023  c_w.l(libinit2.o)
    0x08000242   0x00000000   Code   RO          995    .ARM.Collect$$libinit$$0000002A  c_w.l(libinit2.o)
    0x08000242   0x00000000   Code   RO          997    .ARM.Collect$$libinit$$0000002C  c_w.l(libinit2.o)
    0x08000242   0x00000000   Code   RO          999    .ARM.Collect$$libinit$$0000002E  c_w.l(libinit2.o)
    0x08000242   0x00000000   Code   RO         1001    .ARM.Collect$$libinit$$00000030  c_w.l(libinit2.o)
    0x08000242   0x00000002   Code   RO         1002    .ARM.Collect$$libinit$$00000031  c_w.l(libinit2.o)
    0x08000244   0x00000002   Code   RO         1032    .ARM.Collect$$libshutdown$$00000000  c_w.l(libshutdown.o)
    0x08000246   0x00000000   Code   RO         1050    .ARM.Collect$$libshutdown$$00000003  c_w.l(libshutdown2.o)
    0x08000246   0x00000000   Code   RO         1053    .ARM.Collect$$libshutdown$$00000006  c_w.l(libshutdown2.o)
    0x08000246   0x00000000   Code   RO         1056    .ARM.Collect$$libshutdown$$00000009  c_w.l(libshutdown2.o)
    0x08000246   0x00000000   Code   RO         1058    .ARM.Collect$$libshutdown$$0000000B  c_w.l(libshutdown2.o)
    0x08000246   0x00000000   Code   RO         1061    .ARM.Collect$$libshutdown$$0000000E  c_w.l(libshutdown2.o)
    0x08000246   0x00000002   Code   RO         1062    .ARM.Collect$$libshutdown$$0000000F  c_w.l(libshutdown2.o)
    0x08000248   0x00000000   Code   RO          910    .ARM.Collect$$rtentry$$00000000  c_w.l(rtentry.o)
    0x08000248   0x00000000   Code   RO          921    .ARM.Collect$$rtentry$$00000002  c_w.l(rtentry2.o)
    0x08000248   0x00000006   Code   RO          933    .ARM.Collect$$rtentry$$00000004  c_w.l(rtentry4.o)
    0x0800024e   0x00000000   Code   RO          923    .ARM.Collect$$rtentry$$00000009  c_w.l(rtentry2.o)
    0x0800024e   0x00000004   Code   RO          924    .ARM.Collect$$rtentry$$0000000A  c_w.l(rtentry2.o)
    0x08000252   0x00000000   Code   RO          926    .ARM.Collect$$rtentry$$0000000C  c_w.l(rtentry2.o)
    0x08000252   0x00000008   Code   RO          927    .ARM.Collect$$rtentry$$0000000D  c_w.l(rtentry2.o)
    0x0800025a   0x00000002   Code   RO          954    .ARM.Collect$$rtexit$$00000000  c_w.l(rtexit.o)
    0x0800025c   0x00000000   Code   RO         1004    .ARM.Collect$$rtexit$$00000002  c_w.l(rtexit2.o)
    0x0800025c   0x00000004   Code   RO         1005    .ARM.Collect$$rtexit$$00000003  c_w.l(rtexit2.o)
    0x08000260   0x00000006   Code   RO         1006    .ARM.Collect$$rtexit$$00000004  c_w.l(rtexit2.o)
    0x08000266   0x0000001a   Code   RO            3    .text               main.o
    0x08000280   0x0000001a   Code   RO          176    .text               stm32f4xx_it.o
    0x0800029a   0x00000002   PAD
    0x0800029c   0x00000210   Code   RO          294    .text               system_stm32f4xx.o
    0x080004ac   0x000000b0   Code   RO          320    .text               stm32bq76925.o
    0x0800055c   0x000001b0   Code   RO          383    .text               adc.o
    0x0800070c   0x00000458   Code   RO          510    .text               voltage.o
    0x08000b64   0x000005a6   Code   RO          534    .text               oled.o
    0x0800110a   0x00000002   PAD
    0x0800110c   0x00000198   Code   RO          561    .text               hardiic.o
    0x080012a4   0x00000464   Code   RO          584    .text               stm32f4xx_adc.o
    0x08001708   0x000003a8   Code   RO          630    .text               stm32f4xx_dma.o
    0x08001ab0   0x00000268   Code   RO          650    .text               myiic.o
    0x08001d18   0x00000104   Code   RO          673    .text               delay.o
    0x08001e1c   0x00000040   Code   RO          717    .text               startup_stm32f40_41xxx.o
    0x08001e5c   0x000000e0   Code   RO          723    .text               misc.o
    0x08001f3c   0x00000294   Code   RO          743    .text               stm32f4xx_gpio.o
    0x080021d0   0x0000065c   Code   RO          786    .text               stm32f4xx_rcc.o
    0x0800282c   0x00000456   Code   RO          848    .text               stm32f4xx_i2c.o
    0x08002c82   0x00000048   Code   RO          868    .text               c_w.l(llsdiv.o)
    0x08002cca   0x0000004e   Code   RO          870    .text               c_w.l(rt_memclr_w.o)
    0x08002d18   0x00000006   Code   RO          872    .text               c_w.l(heapauxi.o)
    0x08002d1e   0x000000ee   Code   RO          911    .text               c_w.l(lludivv7m.o)
    0x08002e0c   0x0000004a   Code   RO          939    .text               c_w.l(sys_stackheap_outer.o)
    0x08002e56   0x0000000c   Code   RO          943    .text               c_w.l(exit.o)
    0x08002e62   0x00000002   PAD
    0x08002e64   0x00000008   Code   RO          951    .text               c_w.l(libspace.o)
    0x08002e6c   0x0000000c   Code   RO         1020    .text               c_w.l(sys_exit.o)
    0x08002e78   0x00000002   Code   RO         1037    .text               c_w.l(use_no_semi.o)
    0x08002e7a   0x00000000   Code   RO         1039    .text               c_w.l(indicate_semi.o)
    0x08002e7a   0x00000018   Code   RO          876    x$fpl$basic         fz_wm.l(basic.o)
    0x08002e92   0x00000002   PAD
    0x08002e94   0x00000150   Code   RO          878    x$fpl$dadd          fz_wm.l(daddsub_clz.o)
    0x08002fe4   0x00000018   Code   RO          913    x$fpl$dcmpinf       fz_wm.l(dcmpi.o)
    0x08002ffc   0x000002b0   Code   RO          885    x$fpl$ddiv          fz_wm.l(ddiv.o)
    0x080032ac   0x0000005e   Code   RO          888    x$fpl$dfix          fz_wm.l(dfix.o)
    0x0800330a   0x00000002   PAD
    0x0800330c   0x0000005a   Code   RO          892    x$fpl$dfixu         fz_wm.l(dfixu.o)
    0x08003366   0x0000002e   Code   RO          897    x$fpl$dflt          fz_wm.l(dflt_clz.o)
    0x08003394   0x000000a2   Code   RO          902    x$fpl$dfltll        fz_wm.l(dfltll_clz.o)
    0x08003436   0x00000026   Code   RO          896    x$fpl$dfltu         fz_wm.l(dflt_clz.o)
    0x0800345c   0x00000078   Code   RO          906    x$fpl$dleqf         fz_wm.l(dleqf.o)
    0x080034d4   0x00000154   Code   RO          908    x$fpl$dmul          fz_wm.l(dmul.o)
    0x08003628   0x0000009c   Code   RO          915    x$fpl$dnaninf       fz_wm.l(dnaninf.o)
    0x080036c4   0x0000000c   Code   RO          917    x$fpl$dretinf       fz_wm.l(dretinf.o)
    0x080036d0   0x00000016   Code   RO          879    x$fpl$drsb          fz_wm.l(daddsub_clz.o)
    0x080036e6   0x00000002   PAD
    0x080036e8   0x000001d4   Code   RO          880    x$fpl$dsub          fz_wm.l(daddsub_clz.o)
    0x080038bc   0x0000000a   Code   RO         1018    x$fpl$fpinit        fz_wm.l(fpinit.o)
    0x080038c6   0x00000000   Code   RO          919    x$fpl$usenofp       fz_wm.l(usenofp.o)
    0x080038c6   0x000019e8   Data   RO          535    .constdata          oled.o
    0x080052ae   0x00000002   PAD
    0x080052b0   0x00000020   Data   RO         1079    Region$$Table       anon$$obj.o


    Execution Region RW_IRAM1 (Base: 0x20000000, Size: 0x00000958, Max: 0x00020000, ABSOLUTE, COMPRESSED[0x000000f4])

    Base Addr    Size         Type   Attr      Idx    E Section Name        Object

    0x20000000   0x00000021   Data   RW            4    .data               main.o
    0x20000021   0x00000003   PAD
    0x20000024   0x00000014   Data   RW          295    .data               system_stm32f4xx.o
    0x20000038   0x00000010   Data   RW          321    .data               stm32bq76925.o
    0x20000048   0x00000014   Data   RW          511    .data               voltage.o
    0x2000005c   0x000001c0   Data   RW          536    .data               oled.o
    0x2000021c   0x00000004   Data   RW          674    .data               delay.o
    0x20000220   0x00000010   Data   RW          787    .data               stm32f4xx_rcc.o
    0x20000230   0x000000c8   Zero   RW          384    .bss                adc.o
    0x200002f8   0x00000060   Zero   RW          952    .bss                c_w.l(libspace.o)
    0x20000358   0x00000200   Zero   RW          715    HEAP                startup_stm32f40_41xxx.o
    0x20000558   0x00000400   Zero   RW          714    STACK               startup_stm32f40_41xxx.o


==============================================================================

Image component sizes


      Code (inc. data)   RO Data    RW Data    ZI Data      Debug   Object Name

       432         20          0          0        200     286342   adc.o
       260          8          0          4          0       1505   delay.o
       408         20          0          0          0       1205   hardiic.o
        26          0          0         33          0     240480   main.o
       224         20          0          0          0       1841   misc.o
       616         12          0          0          0       1956   myiic.o
      1446         50       6632        448          0       5787   oled.o
        64         26        392          0       1536        832   startup_stm32f40_41xxx.o
       176         32          0         16          0     229117   stm32bq76925.o
      1124         24          0          0          0     253522   stm32f4xx_adc.o
       936         32          0          0          0       6313   stm32f4xx_dma.o
       660         44          0          0          0       4117   stm32f4xx_gpio.o
      1110         26          0          0          0       8611   stm32f4xx_i2c.o
        26          0          0          0          0      36026   stm32f4xx_it.o
      1628         52          0         16          0      12916   stm32f4xx_rcc.o
       528         46          0         20          0       1811   system_stm32f4xx.o
      1112         76          0         20          0       2620   voltage.o

    ----------------------------------------------------------------------
     10780        488       7058        560       1736    1095001   Object Totals
         0          0         32          0          0          0   (incl. Generated)
         4          0          2          3          0          0   (incl. Padding)

    ----------------------------------------------------------------------

      Code (inc. data)   RO Data    RW Data    ZI Data      Debug   Library Member Name

        90          0          0          0          0          0   __dczerorl2.o
         8          0          0          0          0         68   __main.o
        52          8          0          0          0          0   __scatter.o
        28          0          0          0          0          0   __scatter_zi.o
        12          0          0          0          0         72   exit.o
         6          0          0          0          0        152   heapauxi.o
         0          0          0          0          0          0   indicate_semi.o
         2          0          0          0          0          0   libinit.o
         6          0          0          0          0          0   libinit2.o
         2          0          0          0          0          0   libshutdown.o
         2          0          0          0          0          0   libshutdown2.o
         8          4          0          0         96         68   libspace.o
        72          0          0          0          0         76   llsdiv.o
       238          0          0          0          0        100   lludivv7m.o
        78          0          0          0          0         80   rt_memclr_w.o
         0          0          0          0          0          0   rtentry.o
        12          0          0          0          0          0   rtentry2.o
         6          0          0          0          0          0   rtentry4.o
         2          0          0          0          0          0   rtexit.o
        10          0          0          0          0          0   rtexit2.o
        12          4          0          0          0         68   sys_exit.o
        74          0          0          0          0         80   sys_stackheap_outer.o
         2          0          0          0          0         68   use_no_semi.o
        24          0          0          0          0        164   basic.o
       826         16          0          0          0        492   daddsub_clz.o
        24          0          0          0          0        116   dcmpi.o
       688        140          0          0          0        256   ddiv.o
        94          4          0          0          0        140   dfix.o
        90          4          0          0          0        140   dfixu.o
        84          0          0          0          0        232   dflt_clz.o
       162          0          0          0          0        132   dfltll_clz.o
       120          4          0          0          0        140   dleqf.o
       340         12          0          0          0        152   dmul.o
       156          4          0          0          0        140   dnaninf.o
        12          0          0          0          0        116   dretinf.o
        10          0          0          0          0        116   fpinit.o
         0          0          0          0          0          0   usenofp.o

    ----------------------------------------------------------------------
      3362        200          0          0         96       3168   Library Totals
        10          0          0          0          0          0   (incl. Padding)

    ----------------------------------------------------------------------

      Code (inc. data)   RO Data    RW Data    ZI Data      Debug   Library Name

       722         16          0          0         96        832   c_w.l
      2630        184          0          0          0       2336   fz_wm.l

    ----------------------------------------------------------------------
      3362        200          0          0         96       3168   Library Totals

    ----------------------------------------------------------------------

==============================================================================


      Code (inc. data)   RO Data    RW Data    ZI Data      Debug   

     14142        688       7058        560       1832    1093357   Grand Totals
     14142        688       7058        244       1832    1093357   ELF Image Totals (compressed)
     14142        688       7058        244          0          0   ROM Totals

==============================================================================

    Total RO  Size (Code + RO Data)                21200 (  20.70kB)
    Total RW  Size (RW Data + ZI Data)              2392 (   2.34kB)
    Total ROM Size (Code + RO Data + RW Data)      21444 (  20.94kB)

==============================================================================

